// Validating benchmarks:
// ***** BenchmarkRunner: Start   *****
// ***** Found 2 benchmark(s) in total *****
// ***** Building 1 exe(s) in Parallel: Start   *****
BuildScript: C:\TOMÍK\8.M\Maturita\diessner_rocnikovaPrace\rpAproximace\rpAproximace\bin\Release\rpAproximace-DefaultJob-1.bat
// ***** Done, took 00:00:02 (2.04 sec)   *****
// Found 2 benchmarks:
//   MujBenchmark.Aproximace: DefaultJob
//   MujBenchmark.HeldKarp: DefaultJob

Setup power plan (GUID: 8c5e7fda-e8bf-4a96-9a85-a6e23a8c635c FriendlyName: Vysoký výkon)
// **************************
// Benchmark: MujBenchmark.Aproximace: DefaultJob
// *** Execute ***
// Launch: 1 / 1
// Execute: C:\TOMÍK\8.M\Maturita\diessner_rocnikovaPrace\rpAproximace\rpAproximace\bin\Release\rpAproximace-DefaultJob-1.exe --anonymousPipes 1748 1692 --benchmarkName rpAproximace.MujBenchmark.Aproximace --job Default --benchmarkId 0 in 
// BeforeAnythingElse

// Benchmark Process Environment Information:
// BenchmarkDotNet v0.15.8
// Runtime=.NET Framework 4.8.1 (4.8.9221.0), X86 LegacyJIT
// GC=Concurrent Workstation
// HardwareIntrinsics= 
// Job: DefaultJob

OverheadJitting  1: 1 op, 146500.00 ns, 146.5000 us/op
WorkloadJitting  1: 1 op, 1122500.00 ns, 1.1225 ms/op

OverheadJitting  2: 16 op, 336100.00 ns, 21.0063 us/op
WorkloadJitting  2: 16 op, 370500.00 ns, 23.1563 us/op

WorkloadPilot    1: 16 op, 42800.00 ns, 2.6750 us/op
WorkloadPilot    2: 32 op, 93400.00 ns, 2.9188 us/op
WorkloadPilot    3: 64 op, 163500.00 ns, 2.5547 us/op
WorkloadPilot    4: 128 op, 313800.00 ns, 2.4516 us/op
WorkloadPilot    5: 256 op, 585900.00 ns, 2.2887 us/op
WorkloadPilot    6: 512 op, 1200600.00 ns, 2.3449 us/op
WorkloadPilot    7: 1024 op, 2474000.00 ns, 2.4160 us/op
WorkloadPilot    8: 2048 op, 5010800.00 ns, 2.4467 us/op
WorkloadPilot    9: 4096 op, 8733100.00 ns, 2.1321 us/op
WorkloadPilot   10: 8192 op, 16324200.00 ns, 1.9927 us/op
WorkloadPilot   11: 16384 op, 31801200.00 ns, 1.9410 us/op
WorkloadPilot   12: 32768 op, 62627300.00 ns, 1.9112 us/op
WorkloadPilot   13: 65536 op, 124804700.00 ns, 1.9044 us/op
WorkloadPilot   14: 131072 op, 253454000.00 ns, 1.9337 us/op
WorkloadPilot   15: 262144 op, 496990300.00 ns, 1.8959 us/op
WorkloadPilot   16: 524288 op, 1004182700.00 ns, 1.9153 us/op

OverheadWarmup   1: 524288 op, 1383200.00 ns, 2.6382 ns/op
OverheadWarmup   2: 524288 op, 1317800.00 ns, 2.5135 ns/op
OverheadWarmup   3: 524288 op, 1358500.00 ns, 2.5911 ns/op
OverheadWarmup   4: 524288 op, 1301200.00 ns, 2.4818 ns/op
OverheadWarmup   5: 524288 op, 1253000.00 ns, 2.3899 ns/op
OverheadWarmup   6: 524288 op, 1404600.00 ns, 2.6791 ns/op
OverheadWarmup   7: 524288 op, 1321300.00 ns, 2.5202 ns/op

OverheadActual   1: 524288 op, 1294200.00 ns, 2.4685 ns/op
OverheadActual   2: 524288 op, 1359300.00 ns, 2.5927 ns/op
OverheadActual   3: 524288 op, 1346000.00 ns, 2.5673 ns/op
OverheadActual   4: 524288 op, 1383100.00 ns, 2.6381 ns/op
OverheadActual   5: 524288 op, 1593800.00 ns, 3.0399 ns/op
OverheadActual   6: 524288 op, 1461700.00 ns, 2.7880 ns/op
OverheadActual   7: 524288 op, 1285100.00 ns, 2.4511 ns/op
OverheadActual   8: 524288 op, 1362100.00 ns, 2.5980 ns/op
OverheadActual   9: 524288 op, 1281300.00 ns, 2.4439 ns/op
OverheadActual  10: 524288 op, 1329400.00 ns, 2.5356 ns/op
OverheadActual  11: 524288 op, 1315000.00 ns, 2.5082 ns/op
OverheadActual  12: 524288 op, 1383300.00 ns, 2.6384 ns/op
OverheadActual  13: 524288 op, 1413100.00 ns, 2.6953 ns/op
OverheadActual  14: 524288 op, 1410500.00 ns, 2.6903 ns/op
OverheadActual  15: 524288 op, 1368700.00 ns, 2.6106 ns/op

WorkloadWarmup   1: 524288 op, 1025900300.00 ns, 1.9567 us/op
WorkloadWarmup   2: 524288 op, 1007863100.00 ns, 1.9223 us/op
WorkloadWarmup   3: 524288 op, 996840200.00 ns, 1.9013 us/op
WorkloadWarmup   4: 524288 op, 994749300.00 ns, 1.8973 us/op
WorkloadWarmup   5: 524288 op, 996949300.00 ns, 1.9015 us/op
WorkloadWarmup   6: 524288 op, 1031938600.00 ns, 1.9683 us/op
WorkloadWarmup   7: 524288 op, 1012514700.00 ns, 1.9312 us/op
WorkloadWarmup   8: 524288 op, 1626241200.00 ns, 3.1018 us/op
WorkloadWarmup   9: 524288 op, 1690762400.00 ns, 3.2249 us/op
WorkloadWarmup  10: 524288 op, 1821965700.00 ns, 3.4751 us/op
WorkloadWarmup  11: 524288 op, 1737188000.00 ns, 3.3134 us/op

// BeforeActualRun
WorkloadActual   1: 524288 op, 1826401600.00 ns, 3.4836 us/op
WorkloadActual   2: 524288 op, 1773742600.00 ns, 3.3831 us/op
WorkloadActual   3: 524288 op, 1701038300.00 ns, 3.2445 us/op
WorkloadActual   4: 524288 op, 1713120200.00 ns, 3.2675 us/op
WorkloadActual   5: 524288 op, 1688715400.00 ns, 3.2210 us/op
WorkloadActual   6: 524288 op, 1785646200.00 ns, 3.4058 us/op
WorkloadActual   7: 524288 op, 1756852100.00 ns, 3.3509 us/op
WorkloadActual   8: 524288 op, 1725066500.00 ns, 3.2903 us/op
WorkloadActual   9: 524288 op, 1781085800.00 ns, 3.3972 us/op
WorkloadActual  10: 524288 op, 1703428200.00 ns, 3.2490 us/op
WorkloadActual  11: 524288 op, 1734909200.00 ns, 3.3091 us/op
WorkloadActual  12: 524288 op, 1750682700.00 ns, 3.3392 us/op
WorkloadActual  13: 524288 op, 1713979400.00 ns, 3.2692 us/op
WorkloadActual  14: 524288 op, 1708504200.00 ns, 3.2587 us/op
WorkloadActual  15: 524288 op, 1731537800.00 ns, 3.3026 us/op
WorkloadActual  16: 524288 op, 1749154400.00 ns, 3.3362 us/op
WorkloadActual  17: 524288 op, 1748504200.00 ns, 3.3350 us/op

// AfterActualRun
WorkloadResult   1: 524288 op, 1772380500.00 ns, 3.3805 us/op
WorkloadResult   2: 524288 op, 1699676200.00 ns, 3.2419 us/op
WorkloadResult   3: 524288 op, 1711758100.00 ns, 3.2649 us/op
WorkloadResult   4: 524288 op, 1687353300.00 ns, 3.2184 us/op
WorkloadResult   5: 524288 op, 1784284100.00 ns, 3.4033 us/op
WorkloadResult   6: 524288 op, 1755490000.00 ns, 3.3483 us/op
WorkloadResult   7: 524288 op, 1723704400.00 ns, 3.2877 us/op
WorkloadResult   8: 524288 op, 1779723700.00 ns, 3.3946 us/op
WorkloadResult   9: 524288 op, 1702066100.00 ns, 3.2464 us/op
WorkloadResult  10: 524288 op, 1733547100.00 ns, 3.3065 us/op
WorkloadResult  11: 524288 op, 1749320600.00 ns, 3.3366 us/op
WorkloadResult  12: 524288 op, 1712617300.00 ns, 3.2666 us/op
WorkloadResult  13: 524288 op, 1707142100.00 ns, 3.2561 us/op
WorkloadResult  14: 524288 op, 1730175700.00 ns, 3.3000 us/op
WorkloadResult  15: 524288 op, 1747792300.00 ns, 3.3336 us/op
WorkloadResult  16: 524288 op, 1747142100.00 ns, 3.3324 us/op
// GC:  204 0 0 1071121072 524288
// Threading:  0 0 524288

// AfterAll
// Benchmark Process 5460 has exited with code 0.

Mean = 3.307 μs, StdErr = 0.014 μs (0.43%), N = 16, StdDev = 0.057 μs
Min = 3.218 μs, Q1 = 3.263 μs, Median = 3.303 μs, Q3 = 3.340 μs, Max = 3.403 μs
IQR = 0.077 μs, LowerFence = 3.148 μs, UpperFence = 3.455 μs
ConfidenceInterval = [3.249 μs; 3.365 μs] (CI 99.9%), Margin = 0.058 μs (1.75% of Mean)
Skewness = 0.19, Kurtosis = 1.7, MValue = 2

// ** Remained 1 (50,0 %) benchmark(s) to run. Estimated finish 2026-01-04 16:05 (0h 0m from now) **
Setup power plan (GUID: 8c5e7fda-e8bf-4a96-9a85-a6e23a8c635c FriendlyName: Vysoký výkon)
// **************************
// Benchmark: MujBenchmark.HeldKarp: DefaultJob
// *** Execute ***
// Launch: 1 / 1
// Execute: C:\TOMÍK\8.M\Maturita\diessner_rocnikovaPrace\rpAproximace\rpAproximace\bin\Release\rpAproximace-DefaultJob-1.exe --anonymousPipes 1908 1904 --benchmarkName rpAproximace.MujBenchmark.HeldKarp --job Default --benchmarkId 1 in 
// BeforeAnythingElse

// Benchmark Process Environment Information:
// BenchmarkDotNet v0.15.8
// Runtime=.NET Framework 4.8.1 (4.8.9221.0), X86 LegacyJIT
// GC=Concurrent Workstation
// HardwareIntrinsics= 
// Job: DefaultJob

OverheadJitting  1: 1 op, 251600.00 ns, 251.6000 us/op
WorkloadJitting  1: 1 op, 16227400.00 ns, 16.2274 ms/op

OverheadJitting  2: 16 op, 505900.00 ns, 31.6188 us/op
WorkloadJitting  2: 16 op, 243795200.00 ns, 15.2372 ms/op

WorkloadPilot    1: 16 op, 238849300.00 ns, 14.9281 ms/op
WorkloadPilot    2: 32 op, 483715700.00 ns, 15.1161 ms/op
WorkloadPilot    3: 64 op, 979684600.00 ns, 15.3076 ms/op

OverheadWarmup   1: 64 op, 5300.00 ns, 82.8125 ns/op
OverheadWarmup   2: 64 op, 700.00 ns, 10.9375 ns/op
OverheadWarmup   3: 64 op, 600.00 ns, 9.3750 ns/op
OverheadWarmup   4: 64 op, 600.00 ns, 9.3750 ns/op
OverheadWarmup   5: 64 op, 600.00 ns, 9.3750 ns/op
OverheadWarmup   6: 64 op, 700.00 ns, 10.9375 ns/op
OverheadWarmup   7: 64 op, 700.00 ns, 10.9375 ns/op

OverheadActual   1: 64 op, 700.00 ns, 10.9375 ns/op
OverheadActual   2: 64 op, 900.00 ns, 14.0625 ns/op
OverheadActual   3: 64 op, 700.00 ns, 10.9375 ns/op
OverheadActual   4: 64 op, 600.00 ns, 9.3750 ns/op
OverheadActual   5: 64 op, 600.00 ns, 9.3750 ns/op
OverheadActual   6: 64 op, 1000.00 ns, 15.6250 ns/op
OverheadActual   7: 64 op, 1500.00 ns, 23.4375 ns/op
OverheadActual   8: 64 op, 700.00 ns, 10.9375 ns/op
OverheadActual   9: 64 op, 700.00 ns, 10.9375 ns/op
OverheadActual  10: 64 op, 700.00 ns, 10.9375 ns/op
OverheadActual  11: 64 op, 500.00 ns, 7.8125 ns/op
OverheadActual  12: 64 op, 600.00 ns, 9.3750 ns/op
OverheadActual  13: 64 op, 600.00 ns, 9.3750 ns/op
OverheadActual  14: 64 op, 600.00 ns, 9.3750 ns/op
OverheadActual  15: 64 op, 500.00 ns, 7.8125 ns/op
OverheadActual  16: 64 op, 600.00 ns, 9.3750 ns/op
OverheadActual  17: 64 op, 500.00 ns, 7.8125 ns/op
OverheadActual  18: 64 op, 600.00 ns, 9.3750 ns/op
OverheadActual  19: 64 op, 500.00 ns, 7.8125 ns/op
OverheadActual  20: 64 op, 600.00 ns, 9.3750 ns/op

WorkloadWarmup   1: 64 op, 938178400.00 ns, 14.6590 ms/op
WorkloadWarmup   2: 64 op, 940374600.00 ns, 14.6934 ms/op
WorkloadWarmup   3: 64 op, 943428600.00 ns, 14.7411 ms/op
WorkloadWarmup   4: 64 op, 953446100.00 ns, 14.8976 ms/op
WorkloadWarmup   5: 64 op, 940052000.00 ns, 14.6883 ms/op
WorkloadWarmup   6: 64 op, 905479100.00 ns, 14.1481 ms/op
WorkloadWarmup   7: 64 op, 946857500.00 ns, 14.7946 ms/op
WorkloadWarmup   8: 64 op, 929910500.00 ns, 14.5299 ms/op

// BeforeActualRun
WorkloadActual   1: 64 op, 946071900.00 ns, 14.7824 ms/op
WorkloadActual   2: 64 op, 946682500.00 ns, 14.7919 ms/op
WorkloadActual   3: 64 op, 947825300.00 ns, 14.8098 ms/op
WorkloadActual   4: 64 op, 955200900.00 ns, 14.9250 ms/op
WorkloadActual   5: 64 op, 942919700.00 ns, 14.7331 ms/op
WorkloadActual   6: 64 op, 940253600.00 ns, 14.6915 ms/op
WorkloadActual   7: 64 op, 950591800.00 ns, 14.8530 ms/op
WorkloadActual   8: 64 op, 917039500.00 ns, 14.3287 ms/op
WorkloadActual   9: 64 op, 965403900.00 ns, 15.0844 ms/op
WorkloadActual  10: 64 op, 942684300.00 ns, 14.7294 ms/op
WorkloadActual  11: 64 op, 946730300.00 ns, 14.7927 ms/op
WorkloadActual  12: 64 op, 940609100.00 ns, 14.6970 ms/op
WorkloadActual  13: 64 op, 936726000.00 ns, 14.6363 ms/op
WorkloadActual  14: 64 op, 957264400.00 ns, 14.9573 ms/op
WorkloadActual  15: 64 op, 937013100.00 ns, 14.6408 ms/op

// AfterActualRun
WorkloadResult   1: 64 op, 946071300.00 ns, 14.7824 ms/op
WorkloadResult   2: 64 op, 946681900.00 ns, 14.7919 ms/op
WorkloadResult   3: 64 op, 947824700.00 ns, 14.8098 ms/op
WorkloadResult   4: 64 op, 955200300.00 ns, 14.9250 ms/op
WorkloadResult   5: 64 op, 942919100.00 ns, 14.7331 ms/op
WorkloadResult   6: 64 op, 940253000.00 ns, 14.6915 ms/op
WorkloadResult   7: 64 op, 950591200.00 ns, 14.8530 ms/op
WorkloadResult   8: 64 op, 917038900.00 ns, 14.3287 ms/op
WorkloadResult   9: 64 op, 942683700.00 ns, 14.7294 ms/op
WorkloadResult  10: 64 op, 946729700.00 ns, 14.7927 ms/op
WorkloadResult  11: 64 op, 940608500.00 ns, 14.6970 ms/op
WorkloadResult  12: 64 op, 936725400.00 ns, 14.6363 ms/op
WorkloadResult  13: 64 op, 957263800.00 ns, 14.9572 ms/op
WorkloadResult  14: 64 op, 937012500.00 ns, 14.6408 ms/op
// GC:  63 63 63 252178432 64
// Threading:  0 0 64

// AfterAll
// Benchmark Process 44044 has exited with code 0.

Mean = 14.741 ms, StdErr = 0.041 ms (0.28%), N = 14, StdDev = 0.152 ms
Min = 14.329 ms, Q1 = 14.693 ms, Median = 14.758 ms, Q3 = 14.805 ms, Max = 14.957 ms
IQR = 0.113 ms, LowerFence = 14.524 ms, UpperFence = 14.974 ms
ConfidenceInterval = [14.569 ms; 14.912 ms] (CI 99.9%), Margin = 0.171 ms (1.16% of Mean)
Skewness = -1.09, Kurtosis = 4.36, MValue = 2

// ** Remained 0 (0,0 %) benchmark(s) to run. Estimated finish 2026-01-04 16:04 (0h 0m from now) **
Successfully reverted power plan (GUID: 8c5e7fda-e8bf-4a96-9a85-a6e23a8c635c FriendlyName: Vysoký výkon)
// ***** BenchmarkRunner: Finish  *****

// * Export *
  BenchmarkDotNet.Artifacts\results\rpAproximace.MujBenchmark-report.csv
  BenchmarkDotNet.Artifacts\results\rpAproximace.MujBenchmark-report-github.md
  BenchmarkDotNet.Artifacts\results\rpAproximace.MujBenchmark-report.html

// * Detailed results *
MujBenchmark.Aproximace: DefaultJob
Runtime = .NET Framework 4.8.1 (4.8.9221.0), X86 LegacyJIT; GC = Concurrent Workstation
Mean = 3.307 μs, StdErr = 0.014 μs (0.43%), N = 16, StdDev = 0.057 μs
Min = 3.218 μs, Q1 = 3.263 μs, Median = 3.303 μs, Q3 = 3.340 μs, Max = 3.403 μs
IQR = 0.077 μs, LowerFence = 3.148 μs, UpperFence = 3.455 μs
ConfidenceInterval = [3.249 μs; 3.365 μs] (CI 99.9%), Margin = 0.058 μs (1.75% of Mean)
Skewness = 0.19, Kurtosis = 1.7, MValue = 2
-------------------- Histogram --------------------
[3.189 μs ; 3.304 μs) | @@@@@@@@
[3.304 μs ; 3.426 μs) | @@@@@@@@
---------------------------------------------------

MujBenchmark.HeldKarp: DefaultJob
Runtime = .NET Framework 4.8.1 (4.8.9221.0), X86 LegacyJIT; GC = Concurrent Workstation
Mean = 14.741 ms, StdErr = 0.041 ms (0.28%), N = 14, StdDev = 0.152 ms
Min = 14.329 ms, Q1 = 14.693 ms, Median = 14.758 ms, Q3 = 14.805 ms, Max = 14.957 ms
IQR = 0.113 ms, LowerFence = 14.524 ms, UpperFence = 14.974 ms
ConfidenceInterval = [14.569 ms; 14.912 ms] (CI 99.9%), Margin = 0.171 ms (1.16% of Mean)
Skewness = -1.09, Kurtosis = 4.36, MValue = 2
-------------------- Histogram --------------------
[14.246 ms ; 14.567 ms) | @
[14.567 ms ; 15.040 ms) | @@@@@@@@@@@@@
---------------------------------------------------

// * Summary *

BenchmarkDotNet v0.15.8, Windows 11 (10.0.26200.7462/25H2/2025Update/HudsonValley2)
12th Gen Intel Core i5-12450H 2.00GHz, 1 CPU, 12 logical and 8 physical cores
  [Host]     : .NET Framework 4.8.1 (4.8.9221.0), X86 LegacyJIT
  DefaultJob : .NET Framework 4.8.1 (4.8.9221.0), X86 LegacyJIT


| Method     | Mean          | Error       | StdDev      | Gen0     | Gen1     | Gen2     | Allocated  |
|----------- |--------------:|------------:|------------:|---------:|---------:|---------:|-----------:|
| Aproximace |      3.307 μs |   0.0579 μs |   0.0568 μs |   0.3891 |        - |        - |       2 KB |
| HeldKarp   | 14,740.629 μs | 171.4793 μs | 152.0120 μs | 984.3750 | 984.3750 | 984.3750 | 3847.94 KB |

// * Hints *
Outliers
  MujBenchmark.Aproximace: Default -> 1 outlier  was  removed (3.48 μs)
  MujBenchmark.HeldKarp: Default   -> 1 outlier  was  removed, 2 outliers were detected (14.33 ms, 15.08 ms)

// * Legends *
  Mean      : Arithmetic mean of all measurements
  Error     : Half of 99.9% confidence interval
  StdDev    : Standard deviation of all measurements
  Gen0      : GC Generation 0 collects per 1000 operations
  Gen1      : GC Generation 1 collects per 1000 operations
  Gen2      : GC Generation 2 collects per 1000 operations
  Allocated : Allocated memory per single operation (managed only, inclusive, 1KB = 1024B)
  1 μs      : 1 Microsecond (0.000001 sec)

// * Diagnostic Output - MemoryDiagnoser *


// ***** BenchmarkRunner: End *****
Run time: 00:01:13 (73.03 sec), executed benchmarks: 2

Global total time: 00:01:16 (76.61 sec), executed benchmarks: 2
// * Artifacts cleanup *
Artifacts cleanup is finished
