// Validating benchmarks:
// ***** BenchmarkRunner: Start   *****
// ***** Found 2 benchmark(s) in total *****
// ***** Building 1 exe(s) in Parallel: Start   *****
BuildScript: C:\TOMÍK\8.M\Maturita\diessner_rocnikovaPrace\rpAproximace\rpAproximace\bin\Release\rpAproximace-DefaultJob-1.bat
// ***** Done, took 00:00:02 (2.05 sec)   *****
// Found 2 benchmarks:
//   MujBenchmark.Aproximace: DefaultJob
//   MujBenchmark.HeldKarp: DefaultJob

Setup power plan (GUID: 8c5e7fda-e8bf-4a96-9a85-a6e23a8c635c FriendlyName: Vysoký výkon)
// **************************
// Benchmark: MujBenchmark.Aproximace: DefaultJob
// *** Execute ***
// Launch: 1 / 1
// Execute: C:\TOMÍK\8.M\Maturita\diessner_rocnikovaPrace\rpAproximace\rpAproximace\bin\Release\rpAproximace-DefaultJob-1.exe --anonymousPipes 1760 1756 --benchmarkName rpAproximace.MujBenchmark.Aproximace --job Default --benchmarkId 0 in 
// BeforeAnythingElse

// Benchmark Process Environment Information:
// BenchmarkDotNet v0.15.8
// Runtime=.NET Framework 4.8.1 (4.8.9221.0), X86 LegacyJIT
// GC=Concurrent Workstation
// HardwareIntrinsics= 
// Job: DefaultJob

OverheadJitting  1: 1 op, 156000.00 ns, 156.0000 us/op
WorkloadJitting  1: 1 op, 1227100.00 ns, 1.2271 ms/op

OverheadJitting  2: 16 op, 324600.00 ns, 20.2875 us/op
WorkloadJitting  2: 16 op, 532900.00 ns, 33.3063 us/op

WorkloadPilot    1: 16 op, 81600.00 ns, 5.1000 us/op
WorkloadPilot    2: 32 op, 153800.00 ns, 4.8063 us/op
WorkloadPilot    3: 64 op, 298900.00 ns, 4.6703 us/op
WorkloadPilot    4: 128 op, 584600.00 ns, 4.5672 us/op
WorkloadPilot    5: 256 op, 1112100.00 ns, 4.3441 us/op
WorkloadPilot    6: 512 op, 2228300.00 ns, 4.3521 us/op
WorkloadPilot    7: 1024 op, 4510000.00 ns, 4.4043 us/op
WorkloadPilot    8: 2048 op, 8600700.00 ns, 4.1996 us/op
WorkloadPilot    9: 4096 op, 15550900.00 ns, 3.7966 us/op
WorkloadPilot   10: 8192 op, 30336300.00 ns, 3.7032 us/op
WorkloadPilot   11: 16384 op, 61593700.00 ns, 3.7594 us/op
WorkloadPilot   12: 32768 op, 125054600.00 ns, 3.8164 us/op
WorkloadPilot   13: 65536 op, 237637500.00 ns, 3.6261 us/op
WorkloadPilot   14: 131072 op, 478672400.00 ns, 3.6520 us/op
WorkloadPilot   15: 262144 op, 961243900.00 ns, 3.6669 us/op

OverheadWarmup   1: 262144 op, 657800.00 ns, 2.5093 ns/op
OverheadWarmup   2: 262144 op, 658700.00 ns, 2.5127 ns/op
OverheadWarmup   3: 262144 op, 681300.00 ns, 2.5990 ns/op
OverheadWarmup   4: 262144 op, 681200.00 ns, 2.5986 ns/op
OverheadWarmup   5: 262144 op, 646100.00 ns, 2.4647 ns/op
OverheadWarmup   6: 262144 op, 706500.00 ns, 2.6951 ns/op
OverheadWarmup   7: 262144 op, 733300.00 ns, 2.7973 ns/op
OverheadWarmup   8: 262144 op, 684800.00 ns, 2.6123 ns/op

OverheadActual   1: 262144 op, 620000.00 ns, 2.3651 ns/op
OverheadActual   2: 262144 op, 651100.00 ns, 2.4837 ns/op
OverheadActual   3: 262144 op, 630300.00 ns, 2.4044 ns/op
OverheadActual   4: 262144 op, 686800.00 ns, 2.6199 ns/op
OverheadActual   5: 262144 op, 669700.00 ns, 2.5547 ns/op
OverheadActual   6: 262144 op, 681200.00 ns, 2.5986 ns/op
OverheadActual   7: 262144 op, 658000.00 ns, 2.5101 ns/op
OverheadActual   8: 262144 op, 685100.00 ns, 2.6134 ns/op
OverheadActual   9: 262144 op, 694200.00 ns, 2.6482 ns/op
OverheadActual  10: 262144 op, 688600.00 ns, 2.6268 ns/op
OverheadActual  11: 262144 op, 819700.00 ns, 3.1269 ns/op
OverheadActual  12: 262144 op, 693000.00 ns, 2.6436 ns/op
OverheadActual  13: 262144 op, 693000.00 ns, 2.6436 ns/op
OverheadActual  14: 262144 op, 693000.00 ns, 2.6436 ns/op
OverheadActual  15: 262144 op, 692900.00 ns, 2.6432 ns/op

WorkloadWarmup   1: 262144 op, 953919200.00 ns, 3.6389 us/op
WorkloadWarmup   2: 262144 op, 954327600.00 ns, 3.6405 us/op
WorkloadWarmup   3: 262144 op, 987993400.00 ns, 3.7689 us/op
WorkloadWarmup   4: 262144 op, 992081700.00 ns, 3.7845 us/op
WorkloadWarmup   5: 262144 op, 1299491400.00 ns, 4.9572 us/op
WorkloadWarmup   6: 262144 op, 1508069900.00 ns, 5.7528 us/op
WorkloadWarmup   7: 262144 op, 1626240900.00 ns, 6.2036 us/op
WorkloadWarmup   8: 262144 op, 1637554200.00 ns, 6.2468 us/op
WorkloadWarmup   9: 262144 op, 1604312300.00 ns, 6.1200 us/op
WorkloadWarmup  10: 262144 op, 1552449900.00 ns, 5.9221 us/op
WorkloadWarmup  11: 262144 op, 1626641700.00 ns, 6.2051 us/op
WorkloadWarmup  12: 262144 op, 1600284200.00 ns, 6.1046 us/op

// BeforeActualRun
WorkloadActual   1: 262144 op, 1645973400.00 ns, 6.2789 us/op
WorkloadActual   2: 262144 op, 1629975500.00 ns, 6.2179 us/op
WorkloadActual   3: 262144 op, 1612388800.00 ns, 6.1508 us/op
WorkloadActual   4: 262144 op, 1623029000.00 ns, 6.1914 us/op
WorkloadActual   5: 262144 op, 1584742100.00 ns, 6.0453 us/op
WorkloadActual   6: 262144 op, 1627971000.00 ns, 6.2102 us/op
WorkloadActual   7: 262144 op, 1644152900.00 ns, 6.2719 us/op
WorkloadActual   8: 262144 op, 1579578700.00 ns, 6.0256 us/op
WorkloadActual   9: 262144 op, 1660745200.00 ns, 6.3352 us/op
WorkloadActual  10: 262144 op, 1620918300.00 ns, 6.1833 us/op
WorkloadActual  11: 262144 op, 1655779800.00 ns, 6.3163 us/op
WorkloadActual  12: 262144 op, 1673316400.00 ns, 6.3832 us/op
WorkloadActual  13: 262144 op, 1611844700.00 ns, 6.1487 us/op
WorkloadActual  14: 262144 op, 1997783300.00 ns, 7.6209 us/op
WorkloadActual  15: 262144 op, 1656291000.00 ns, 6.3182 us/op

// AfterActualRun
WorkloadResult   1: 262144 op, 1645286600.00 ns, 6.2763 us/op
WorkloadResult   2: 262144 op, 1629288700.00 ns, 6.2152 us/op
WorkloadResult   3: 262144 op, 1611702000.00 ns, 6.1482 us/op
WorkloadResult   4: 262144 op, 1622342200.00 ns, 6.1887 us/op
WorkloadResult   5: 262144 op, 1584055300.00 ns, 6.0427 us/op
WorkloadResult   6: 262144 op, 1627284200.00 ns, 6.2076 us/op
WorkloadResult   7: 262144 op, 1643466100.00 ns, 6.2693 us/op
WorkloadResult   8: 262144 op, 1578891900.00 ns, 6.0230 us/op
WorkloadResult   9: 262144 op, 1660058400.00 ns, 6.3326 us/op
WorkloadResult  10: 262144 op, 1620231500.00 ns, 6.1807 us/op
WorkloadResult  11: 262144 op, 1655093000.00 ns, 6.3137 us/op
WorkloadResult  12: 262144 op, 1672629600.00 ns, 6.3806 us/op
WorkloadResult  13: 262144 op, 1611157900.00 ns, 6.1461 us/op
WorkloadResult  14: 262144 op, 1655604200.00 ns, 6.3156 us/op
// GC:  168 1 0 882098296 262144
// Threading:  0 0 262144

// AfterAll
// Benchmark Process 43548 has exited with code 0.

Mean = 6.217 μs, StdErr = 0.028 μs (0.45%), N = 14, StdDev = 0.106 μs
Min = 6.023 μs, Q1 = 6.156 μs, Median = 6.211 μs, Q3 = 6.304 μs, Max = 6.381 μs
IQR = 0.148 μs, LowerFence = 5.934 μs, UpperFence = 6.526 μs
ConfidenceInterval = [6.098 μs; 6.336 μs] (CI 99.9%), Margin = 0.119 μs (1.92% of Mean)
Skewness = -0.32, Kurtosis = 1.99, MValue = 2

// ** Remained 1 (50,0 %) benchmark(s) to run. Estimated finish 2026-01-04 16:13 (0h 0m from now) **
Setup power plan (GUID: 8c5e7fda-e8bf-4a96-9a85-a6e23a8c635c FriendlyName: Vysoký výkon)
// **************************
// Benchmark: MujBenchmark.HeldKarp: DefaultJob
// *** Execute ***
// Launch: 1 / 1
// Execute: C:\TOMÍK\8.M\Maturita\diessner_rocnikovaPrace\rpAproximace\rpAproximace\bin\Release\rpAproximace-DefaultJob-1.exe --anonymousPipes 1904 1900 --benchmarkName rpAproximace.MujBenchmark.HeldKarp --job Default --benchmarkId 1 in 
// BeforeAnythingElse

// Benchmark Process Environment Information:
// BenchmarkDotNet v0.15.8
// Runtime=.NET Framework 4.8.1 (4.8.9221.0), X86 LegacyJIT
// GC=Concurrent Workstation
// HardwareIntrinsics= 
// Job: DefaultJob

OverheadJitting  1: 1 op, 236600.00 ns, 236.6000 us/op

OutOfMemoryException!
BenchmarkDotNet continues to run additional iterations until desired accuracy level is achieved. It's possible only if the benchmark method doesn't have any side-effects.
If your benchmark allocates memory and keeps it alive, you are creating a memory leak.
You should redesign your benchmark and remove the side-effects. You can use `OperationsPerInvoke`, `IterationSetup` and `IterationCleanup` to do that.

System.Reflection.TargetInvocationException: Cíl vyvolání způsobil výjimku. ---> System.OutOfMemoryException: Byla vyvolána výjimka typu System.OutOfMemoryException.
   v rpAproximace.HeldKarp..ctor(Int32[,] matice, Int32 m) v C:\TOMÍK\8.M\Maturita\diessner_rocnikovaPrace\rpAproximace\rpAproximace\Program.cs:řádek 284
   v rpAproximace.MujBenchmark.HeldKarp() v C:\TOMÍK\8.M\Maturita\diessner_rocnikovaPrace\rpAproximace\rpAproximace\Program.cs:řádek 169
   v BenchmarkDotNet.Autogenerated.Runnable_1.WorkloadActionNoUnroll(Int64 invokeCount)
   v BenchmarkDotNet.Engines.Engine.Measure(Action`1 action, Int64 invokeCount)
   v BenchmarkDotNet.Engines.Engine.RunIteration(IterationData data)
   v BenchmarkDotNet.Engines.EngineFactory.Jit(Engine engine, Int32 jitIndex, Int32 invokeCount, Int32 unrollFactor)
   v BenchmarkDotNet.Engines.EngineFactory.CreateReadyToRun(EngineParameters engineParameters)
   v BenchmarkDotNet.Autogenerated.Runnable_1.Run(IHost host, String benchmarkName)
   --- Konec trasování zásobníku pro vnitřní výjimku ---
   v System.RuntimeMethodHandle.InvokeMethod(Object target, Object[] arguments, Signature sig, Boolean constructor)
   v System.Reflection.RuntimeMethodInfo.UnsafeInvokeInternal(Object obj, Object[] parameters, Object[] arguments)
   v System.Reflection.RuntimeMethodInfo.Invoke(Object obj, BindingFlags invokeAttr, Binder binder, Object[] parameters, CultureInfo culture)
   v BenchmarkDotNet.Autogenerated.UniqueProgramName.AfterAssemblyLoadingAttached(String[] args)
// AfterAll
No Workload Results were obtained from the run.
// Benchmark Process 8996 has exited with code -1.

// ** Remained 0 (0,0 %) benchmark(s) to run. Estimated finish 2026-01-04 16:13 (0h 0m from now) **
Successfully reverted power plan (GUID: 8c5e7fda-e8bf-4a96-9a85-a6e23a8c635c FriendlyName: Vysoký výkon)
// ***** BenchmarkRunner: Finish  *****

// * Export *
  BenchmarkDotNet.Artifacts\results\rpAproximace.MujBenchmark-report.csv
  BenchmarkDotNet.Artifacts\results\rpAproximace.MujBenchmark-report-github.md
  BenchmarkDotNet.Artifacts\results\rpAproximace.MujBenchmark-report.html

// * Detailed results *
MujBenchmark.Aproximace: DefaultJob
Runtime = .NET Framework 4.8.1 (4.8.9221.0), X86 LegacyJIT; GC = Concurrent Workstation
Mean = 6.217 μs, StdErr = 0.028 μs (0.45%), N = 14, StdDev = 0.106 μs
Min = 6.023 μs, Q1 = 6.156 μs, Median = 6.211 μs, Q3 = 6.304 μs, Max = 6.381 μs
IQR = 0.148 μs, LowerFence = 5.934 μs, UpperFence = 6.526 μs
ConfidenceInterval = [6.098 μs; 6.336 μs] (CI 99.9%), Margin = 0.119 μs (1.92% of Mean)
Skewness = -0.32, Kurtosis = 1.99, MValue = 2
-------------------- Histogram --------------------
[5.965 μs ; 6.093 μs) | @@
[6.093 μs ; 6.242 μs) | @@@@@@
[6.242 μs ; 6.388 μs) | @@@@@@
---------------------------------------------------

MujBenchmark.HeldKarp: DefaultJob
Runtime = .NET Framework 4.8.1 (4.8.9221.0), X86 LegacyJIT; GC = Concurrent Workstation
There are not any results runs

// * Summary *

BenchmarkDotNet v0.15.8, Windows 11 (10.0.26200.7462/25H2/2025Update/HudsonValley2)
12th Gen Intel Core i5-12450H 2.00GHz, 1 CPU, 12 logical and 8 physical cores
  [Host]     : .NET Framework 4.8.1 (4.8.9221.0), X86 LegacyJIT
  DefaultJob : .NET Framework 4.8.1 (4.8.9221.0), X86 LegacyJIT


| Method     | Mean     | Error     | StdDev    | Gen0   | Gen1   | Allocated |
|----------- |---------:|----------:|----------:|-------:|-------:|----------:|
| Aproximace | 6.217 μs | 0.1193 μs | 0.1058 μs | 0.6409 | 0.0038 |   3.29 KB |
| HeldKarp   |       NA |        NA |        NA |     NA |     NA |        NA |

Benchmarks with issues:
  MujBenchmark.HeldKarp: DefaultJob

// * Warnings *
Environment
  Summary -> Detected error exit code from one of the benchmarks. It might be caused by following antivirus software:
        - Windows Defender (windowsdefender://)
        - McAfee (\\?\C:\Program Files\McAfee\WPS\1.35.148.1\mc-fw-host.exe)
Use InProcessEmitToolchain or InProcessNoEmitToolchain to avoid new process creation.


// * Hints *
Outliers
  MujBenchmark.Aproximace: Default -> 1 outlier  was  removed (7.62 μs)

// * Legends *
  Mean      : Arithmetic mean of all measurements
  Error     : Half of 99.9% confidence interval
  StdDev    : Standard deviation of all measurements
  Gen0      : GC Generation 0 collects per 1000 operations
  Gen1      : GC Generation 1 collects per 1000 operations
  Allocated : Allocated memory per single operation (managed only, inclusive, 1KB = 1024B)
  1 μs      : 1 Microsecond (0.000001 sec)

// * Diagnostic Output - MemoryDiagnoser *


// ***** BenchmarkRunner: End *****
Run time: 00:00:45 (45.82 sec), executed benchmarks: 2

Global total time: 00:00:49 (49.22 sec), executed benchmarks: 2
// * Artifacts cleanup *
Artifacts cleanup is finished
