// Validating benchmarks:
// ***** BenchmarkRunner: Start   *****
// ***** Found 2 benchmark(s) in total *****
// ***** Building 1 exe(s) in Parallel: Start   *****
BuildScript: C:\TOMÍK\8.M\Maturita\diessner_rocnikovaPrace\rpAproximace\rpAproximace\bin\Release\rpAproximace-DefaultJob-1.bat
// ***** Done, took 00:00:01 (2 sec)   *****
// Found 2 benchmarks:
//   MujBenchmark.Aproximace: DefaultJob
//   MujBenchmark.HeldKarp: DefaultJob

Setup power plan (GUID: 8c5e7fda-e8bf-4a96-9a85-a6e23a8c635c FriendlyName: Vysoký výkon)
// **************************
// Benchmark: MujBenchmark.Aproximace: DefaultJob
// *** Execute ***
// Launch: 1 / 1
// Execute: C:\TOMÍK\8.M\Maturita\diessner_rocnikovaPrace\rpAproximace\rpAproximace\bin\Release\rpAproximace-DefaultJob-1.exe --anonymousPipes 1760 1740 --benchmarkName rpAproximace.MujBenchmark.Aproximace --job Default --benchmarkId 0 in 
// BeforeAnythingElse

// Benchmark Process Environment Information:
// BenchmarkDotNet v0.15.8
// Runtime=.NET Framework 4.8.1 (4.8.9221.0), X86 LegacyJIT
// GC=Concurrent Workstation
// HardwareIntrinsics= 
// Job: DefaultJob

OverheadJitting  1: 1 op, 162800.00 ns, 162.8000 us/op
WorkloadJitting  1: 1 op, 1578600.00 ns, 1.5786 ms/op

OverheadJitting  2: 16 op, 355000.00 ns, 22.1875 us/op
WorkloadJitting  2: 16 op, 465900.00 ns, 29.1188 us/op

WorkloadPilot    1: 16 op, 81500.00 ns, 5.0938 us/op
WorkloadPilot    2: 32 op, 145800.00 ns, 4.5563 us/op
WorkloadPilot    3: 64 op, 280500.00 ns, 4.3828 us/op
WorkloadPilot    4: 128 op, 576100.00 ns, 4.5008 us/op
WorkloadPilot    5: 256 op, 1092400.00 ns, 4.2672 us/op
WorkloadPilot    6: 512 op, 2230700.00 ns, 4.3568 us/op
WorkloadPilot    7: 1024 op, 4351800.00 ns, 4.2498 us/op
WorkloadPilot    8: 2048 op, 8321500.00 ns, 4.0632 us/op
WorkloadPilot    9: 4096 op, 15605900.00 ns, 3.8100 us/op
WorkloadPilot   10: 8192 op, 30859700.00 ns, 3.7671 us/op
WorkloadPilot   11: 16384 op, 62874000.00 ns, 3.8375 us/op
WorkloadPilot   12: 32768 op, 121629600.00 ns, 3.7118 us/op
WorkloadPilot   13: 65536 op, 250854200.00 ns, 3.8277 us/op
WorkloadPilot   14: 131072 op, 491083100.00 ns, 3.7467 us/op
WorkloadPilot   15: 262144 op, 1465287800.00 ns, 5.5896 us/op

OverheadWarmup   1: 262144 op, 1121500.00 ns, 4.2782 ns/op
OverheadWarmup   2: 262144 op, 1112700.00 ns, 4.2446 ns/op
OverheadWarmup   3: 262144 op, 1125700.00 ns, 4.2942 ns/op
OverheadWarmup   4: 262144 op, 1091300.00 ns, 4.1630 ns/op
OverheadWarmup   5: 262144 op, 1098100.00 ns, 4.1889 ns/op
OverheadWarmup   6: 262144 op, 1103700.00 ns, 4.2103 ns/op
OverheadWarmup   7: 262144 op, 1251100.00 ns, 4.7726 ns/op
OverheadWarmup   8: 262144 op, 1084300.00 ns, 4.1363 ns/op

OverheadActual   1: 262144 op, 1064200.00 ns, 4.0596 ns/op
OverheadActual   2: 262144 op, 1084800.00 ns, 4.1382 ns/op
OverheadActual   3: 262144 op, 1071400.00 ns, 4.0871 ns/op
OverheadActual   4: 262144 op, 1275000.00 ns, 4.8637 ns/op
OverheadActual   5: 262144 op, 1071300.00 ns, 4.0867 ns/op
OverheadActual   6: 262144 op, 1075900.00 ns, 4.1042 ns/op
OverheadActual   7: 262144 op, 1064400.00 ns, 4.0604 ns/op
OverheadActual   8: 262144 op, 1063900.00 ns, 4.0585 ns/op
OverheadActual   9: 262144 op, 1062900.00 ns, 4.0546 ns/op
OverheadActual  10: 262144 op, 1099200.00 ns, 4.1931 ns/op
OverheadActual  11: 262144 op, 1065500.00 ns, 4.0646 ns/op
OverheadActual  12: 262144 op, 1091900.00 ns, 4.1653 ns/op
OverheadActual  13: 262144 op, 1194800.00 ns, 4.5578 ns/op
OverheadActual  14: 262144 op, 1304400.00 ns, 4.9759 ns/op
OverheadActual  15: 262144 op, 1235100.00 ns, 4.7115 ns/op
OverheadActual  16: 262144 op, 1079100.00 ns, 4.1164 ns/op
OverheadActual  17: 262144 op, 1060800.00 ns, 4.0466 ns/op

WorkloadWarmup   1: 262144 op, 1669431900.00 ns, 6.3684 us/op
WorkloadWarmup   2: 262144 op, 1645919900.00 ns, 6.2787 us/op
WorkloadWarmup   3: 262144 op, 1602188900.00 ns, 6.1119 us/op
WorkloadWarmup   4: 262144 op, 1628107900.00 ns, 6.2107 us/op
WorkloadWarmup   5: 262144 op, 1638550800.00 ns, 6.2506 us/op
WorkloadWarmup   6: 262144 op, 1592984200.00 ns, 6.0768 us/op
WorkloadWarmup   7: 262144 op, 1633461900.00 ns, 6.2312 us/op
WorkloadWarmup   8: 262144 op, 1559507800.00 ns, 5.9491 us/op

// BeforeActualRun
WorkloadActual   1: 262144 op, 1623338100.00 ns, 6.1925 us/op
WorkloadActual   2: 262144 op, 1646747700.00 ns, 6.2818 us/op
WorkloadActual   3: 262144 op, 1603936300.00 ns, 6.1185 us/op
WorkloadActual   4: 262144 op, 1587201800.00 ns, 6.0547 us/op
WorkloadActual   5: 262144 op, 1593980200.00 ns, 6.0806 us/op
WorkloadActual   6: 262144 op, 1632590000.00 ns, 6.2278 us/op
WorkloadActual   7: 262144 op, 1625328100.00 ns, 6.2001 us/op
WorkloadActual   8: 262144 op, 1646056600.00 ns, 6.2792 us/op
WorkloadActual   9: 262144 op, 1653566900.00 ns, 6.3079 us/op
WorkloadActual  10: 262144 op, 1627543400.00 ns, 6.2086 us/op
WorkloadActual  11: 262144 op, 1629701700.00 ns, 6.2168 us/op
WorkloadActual  12: 262144 op, 1633335300.00 ns, 6.2307 us/op
WorkloadActual  13: 262144 op, 1747664700.00 ns, 6.6668 us/op
WorkloadActual  14: 262144 op, 1675381200.00 ns, 6.3911 us/op
WorkloadActual  15: 262144 op, 1666377600.00 ns, 6.3567 us/op

// AfterActualRun
WorkloadResult   1: 262144 op, 1622262200.00 ns, 6.1884 us/op
WorkloadResult   2: 262144 op, 1645671800.00 ns, 6.2777 us/op
WorkloadResult   3: 262144 op, 1602860400.00 ns, 6.1144 us/op
WorkloadResult   4: 262144 op, 1586125900.00 ns, 6.0506 us/op
WorkloadResult   5: 262144 op, 1592904300.00 ns, 6.0764 us/op
WorkloadResult   6: 262144 op, 1631514100.00 ns, 6.2237 us/op
WorkloadResult   7: 262144 op, 1624252200.00 ns, 6.1960 us/op
WorkloadResult   8: 262144 op, 1644980700.00 ns, 6.2751 us/op
WorkloadResult   9: 262144 op, 1652491000.00 ns, 6.3038 us/op
WorkloadResult  10: 262144 op, 1626467500.00 ns, 6.2045 us/op
WorkloadResult  11: 262144 op, 1628625800.00 ns, 6.2127 us/op
WorkloadResult  12: 262144 op, 1632259400.00 ns, 6.2266 us/op
WorkloadResult  13: 262144 op, 1674305300.00 ns, 6.3870 us/op
WorkloadResult  14: 262144 op, 1665301700.00 ns, 6.3526 us/op
// GC:  168 1 0 882098172 262144
// Threading:  0 0 262144

// AfterAll
// Benchmark Process 22624 has exited with code 0.

Mean = 6.221 μs, StdErr = 0.026 μs (0.41%), N = 14, StdDev = 0.097 μs
Min = 6.051 μs, Q1 = 6.190 μs, Median = 6.218 μs, Q3 = 6.277 μs, Max = 6.387 μs
IQR = 0.087 μs, LowerFence = 6.060 μs, UpperFence = 6.407 μs
ConfidenceInterval = [6.112 μs; 6.330 μs] (CI 99.9%), Margin = 0.109 μs (1.75% of Mean)
Skewness = -0.11, Kurtosis = 2.08, MValue = 2

// ** Remained 1 (50,0 %) benchmark(s) to run. Estimated finish 2026-01-04 16:12 (0h 0m from now) **
Setup power plan (GUID: 8c5e7fda-e8bf-4a96-9a85-a6e23a8c635c FriendlyName: Vysoký výkon)
// **************************
// Benchmark: MujBenchmark.HeldKarp: DefaultJob
// *** Execute ***
// Launch: 1 / 1
// Execute: C:\TOMÍK\8.M\Maturita\diessner_rocnikovaPrace\rpAproximace\rpAproximace\bin\Release\rpAproximace-DefaultJob-1.exe --anonymousPipes 1784 1812 --benchmarkName rpAproximace.MujBenchmark.HeldKarp --job Default --benchmarkId 1 in 
// BeforeAnythingElse

// Benchmark Process Environment Information:
// BenchmarkDotNet v0.15.8
// Runtime=.NET Framework 4.8.1 (4.8.9221.0), X86 LegacyJIT
// GC=Concurrent Workstation
// HardwareIntrinsics= 
// Job: DefaultJob

OverheadJitting  1: 1 op, 234400.00 ns, 234.4000 us/op

OutOfMemoryException!
BenchmarkDotNet continues to run additional iterations until desired accuracy level is achieved. It's possible only if the benchmark method doesn't have any side-effects.
If your benchmark allocates memory and keeps it alive, you are creating a memory leak.
You should redesign your benchmark and remove the side-effects. You can use `OperationsPerInvoke`, `IterationSetup` and `IterationCleanup` to do that.

System.Reflection.TargetInvocationException: Cíl vyvolání způsobil výjimku. ---> System.OutOfMemoryException: Byla vyvolána výjimka typu System.OutOfMemoryException.
   v rpAproximace.HeldKarp..ctor(Int32[,] matice, Int32 m) v C:\TOMÍK\8.M\Maturita\diessner_rocnikovaPrace\rpAproximace\rpAproximace\Program.cs:řádek 284
   v rpAproximace.MujBenchmark.HeldKarp() v C:\TOMÍK\8.M\Maturita\diessner_rocnikovaPrace\rpAproximace\rpAproximace\Program.cs:řádek 169
   v BenchmarkDotNet.Autogenerated.Runnable_1.WorkloadActionNoUnroll(Int64 invokeCount)
   v BenchmarkDotNet.Engines.Engine.Measure(Action`1 action, Int64 invokeCount)
   v BenchmarkDotNet.Engines.Engine.RunIteration(IterationData data)
   v BenchmarkDotNet.Engines.EngineFactory.Jit(Engine engine, Int32 jitIndex, Int32 invokeCount, Int32 unrollFactor)
   v BenchmarkDotNet.Engines.EngineFactory.CreateReadyToRun(EngineParameters engineParameters)
   v BenchmarkDotNet.Autogenerated.Runnable_1.Run(IHost host, String benchmarkName)
   --- Konec trasování zásobníku pro vnitřní výjimku ---
   v System.RuntimeMethodHandle.InvokeMethod(Object target, Object[] arguments, Signature sig, Boolean constructor)
   v System.Reflection.RuntimeMethodInfo.UnsafeInvokeInternal(Object obj, Object[] parameters, Object[] arguments)
   v System.Reflection.RuntimeMethodInfo.Invoke(Object obj, BindingFlags invokeAttr, Binder binder, Object[] parameters, CultureInfo culture)
   v BenchmarkDotNet.Autogenerated.UniqueProgramName.AfterAssemblyLoadingAttached(String[] args)
// AfterAll
No Workload Results were obtained from the run.
// Benchmark Process 2996 has exited with code -1.

// ** Remained 0 (0,0 %) benchmark(s) to run. Estimated finish 2026-01-04 16:11 (0h 0m from now) **
Successfully reverted power plan (GUID: 8c5e7fda-e8bf-4a96-9a85-a6e23a8c635c FriendlyName: Vysoký výkon)
// ***** BenchmarkRunner: Finish  *****

// * Export *
  BenchmarkDotNet.Artifacts\results\rpAproximace.MujBenchmark-report.csv
  BenchmarkDotNet.Artifacts\results\rpAproximace.MujBenchmark-report-github.md
  BenchmarkDotNet.Artifacts\results\rpAproximace.MujBenchmark-report.html

// * Detailed results *
MujBenchmark.Aproximace: DefaultJob
Runtime = .NET Framework 4.8.1 (4.8.9221.0), X86 LegacyJIT; GC = Concurrent Workstation
Mean = 6.221 μs, StdErr = 0.026 μs (0.41%), N = 14, StdDev = 0.097 μs
Min = 6.051 μs, Q1 = 6.190 μs, Median = 6.218 μs, Q3 = 6.277 μs, Max = 6.387 μs
IQR = 0.087 μs, LowerFence = 6.060 μs, UpperFence = 6.407 μs
ConfidenceInterval = [6.112 μs; 6.330 μs] (CI 99.9%), Margin = 0.109 μs (1.75% of Mean)
Skewness = -0.11, Kurtosis = 2.08, MValue = 2
-------------------- Histogram --------------------
[6.022 μs ; 6.171 μs) | @@@
[6.171 μs ; 6.409 μs) | @@@@@@@@@@@
---------------------------------------------------

MujBenchmark.HeldKarp: DefaultJob
Runtime = .NET Framework 4.8.1 (4.8.9221.0), X86 LegacyJIT; GC = Concurrent Workstation
There are not any results runs

// * Summary *

BenchmarkDotNet v0.15.8, Windows 11 (10.0.26200.7462/25H2/2025Update/HudsonValley2)
12th Gen Intel Core i5-12450H 2.00GHz, 1 CPU, 12 logical and 8 physical cores
  [Host]     : .NET Framework 4.8.1 (4.8.9221.0), X86 LegacyJIT
  DefaultJob : .NET Framework 4.8.1 (4.8.9221.0), X86 LegacyJIT


| Method     | Mean     | Error     | StdDev    | Gen0   | Gen1   | Allocated |
|----------- |---------:|----------:|----------:|-------:|-------:|----------:|
| Aproximace | 6.221 μs | 0.1089 μs | 0.0966 μs | 0.6409 | 0.0038 |   3.29 KB |
| HeldKarp   |       NA |        NA |        NA |     NA |     NA |        NA |

Benchmarks with issues:
  MujBenchmark.HeldKarp: DefaultJob

// * Warnings *
Environment
  Summary -> Detected error exit code from one of the benchmarks. It might be caused by following antivirus software:
        - Windows Defender (windowsdefender://)
        - McAfee (\\?\C:\Program Files\McAfee\WPS\1.35.148.1\mc-fw-host.exe)
Use InProcessEmitToolchain or InProcessNoEmitToolchain to avoid new process creation.


// * Hints *
Outliers
  MujBenchmark.Aproximace: Default -> 1 outlier  was  removed (6.67 μs)

// * Legends *
  Mean      : Arithmetic mean of all measurements
  Error     : Half of 99.9% confidence interval
  StdDev    : Standard deviation of all measurements
  Gen0      : GC Generation 0 collects per 1000 operations
  Gen1      : GC Generation 1 collects per 1000 operations
  Allocated : Allocated memory per single operation (managed only, inclusive, 1KB = 1024B)
  1 μs      : 1 Microsecond (0.000001 sec)

// * Diagnostic Output - MemoryDiagnoser *


// ***** BenchmarkRunner: End *****
Run time: 00:00:42 (42.82 sec), executed benchmarks: 2

Global total time: 00:00:46 (46.15 sec), executed benchmarks: 2
// * Artifacts cleanup *
Artifacts cleanup is finished
