// Validating benchmarks:
// ***** BenchmarkRunner: Start   *****
// ***** Found 1 benchmark(s) in total *****
// ***** Building 1 exe(s) in Parallel: Start   *****
BuildScript: C:\TOMÍK\8.M\Maturita\diessner_rocnikovaPrace\rpAproximace\rpAproximace\bin\Release\rpAproximace-DefaultJob-1.bat
// ***** Done, took 00:00:00 (0.44 sec)   *****
// Found 1 benchmarks:
//   MujBenchmark.HeldKarp: DefaultJob

Setup power plan (GUID: 8c5e7fda-e8bf-4a96-9a85-a6e23a8c635c FriendlyName: Vysoký výkon)
// Build Error: Exception! 
Message: Proces nemůže přistupovat k souboru C:\TOMÍK\8.M\Maturita\diessner_rocnikovaPrace\rpAproximace\rpAproximace\bin\Release\rpAproximace-DefaultJob-1.exe, protože soubor je využíván jiným procesem.,
Stack trace:
   v System.IO.__Error.WinIOError(Int32 errorCode, String maybeFullPath)
   v System.IO.FileStream.Init(String path, FileMode mode, FileAccess access, Int32 rights, Boolean useRights, FileShare share, Int32 bufferSize, FileOptions options, SECURITY_ATTRIBUTES secAttrs, String msgPath, Boolean bFromProxy, Boolean useLongPath, Boolean checkHost)
   v System.IO.FileStream..ctor(String path, FileMode mode, FileAccess access, FileShare share, Int32 bufferSize)
   v BenchmarkDotNet.Toolchains.Roslyn.Builder.Build(GenerateResult generateResult, BuildPartition buildPartition, SyntaxTree syntaxTree, CSharpCompilationOptions compilationOptions, IEnumerable`1 references, CancellationToken cancellationToken)
   v BenchmarkDotNet.Toolchains.Roslyn.Builder.Build(GenerateResult generateResult, BuildPartition buildPartition, ILogger logger, CancellationToken cancellationToken)
   v BenchmarkDotNet.Toolchains.Roslyn.Builder.Build(GenerateResult generateResult, BuildPartition buildPartition, ILogger logger)
   v BenchmarkDotNet.Running.BenchmarkRunnerClean.Build(BuildPartition buildPartition, String rootArtifactsFolderPath, ILogger buildLogger)

// BenchmarkDotNet has failed to build the auto-generated boilerplate code.
// It can be found in C:\TOMÍK\8.M\Maturita\diessner_rocnikovaPrace\rpAproximace\rpAproximace\bin\Release
// Please follow the troubleshooting guide: https://benchmarkdotnet.org/articles/guides/troubleshooting.html

// ** Remained 0 (0,0 %) benchmark(s) to run. Estimated finish 2026-01-04 16:46 (0h 0m from now) **
Successfully reverted power plan (GUID: 8c5e7fda-e8bf-4a96-9a85-a6e23a8c635c FriendlyName: Vysoký výkon)
// ***** BenchmarkRunner: Finish  *****

// * Export *
  BenchmarkDotNet.Artifacts\results\rpAproximace.MujBenchmark-report.csv
  BenchmarkDotNet.Artifacts\results\rpAproximace.MujBenchmark-report-github.md
  BenchmarkDotNet.Artifacts\results\rpAproximace.MujBenchmark-report.html

// * Detailed results *
MujBenchmark.HeldKarp: DefaultJob
Runtime = ; GC = 
There are not any results runs

// * Summary *

BenchmarkDotNet v0.15.8, Windows 11 (10.0.26200.7462/25H2/2025Update/HudsonValley2)
12th Gen Intel Core i5-12450H 2.00GHz, 1 CPU, 12 logical and 8 physical cores
  [Host] : .NET Framework 4.8.1 (4.8.9221.0), X86 LegacyJIT


| Method   | Mean | Error |
|--------- |-----:|------:|
| HeldKarp |   NA |    NA |

Benchmarks with issues:
  MujBenchmark.HeldKarp: DefaultJob

// * Legends *
  Mean  : Arithmetic mean of all measurements
  Error : Half of 99.9% confidence interval
  1 ns  : 1 Nanosecond (0.000000001 sec)

// * Diagnostic Output - MemoryDiagnoser *


// ***** BenchmarkRunner: End *****
Run time: 00:00:00 (0.29 sec), executed benchmarks: 0

Global total time: 00:00:02 (2.29 sec), executed benchmarks: 0
// * Artifacts cleanup *
Artifacts cleanup is finished
