// Validating benchmarks:
// ***** BenchmarkRunner: Start   *****
// ***** Found 2 benchmark(s) in total *****
// ***** Building 1 exe(s) in Parallel: Start   *****
BuildScript: C:\TOMÍK\8.M\Maturita\diessner_rocnikovaPrace\rpAproximace\rpAproximace\bin\Release\rpAproximace-DefaultJob-1.bat
// ***** Done, took 00:00:02 (2.04 sec)   *****
// Found 2 benchmarks:
//   MujBenchmark.Aproximace: DefaultJob
//   MujBenchmark.HeldKarp: DefaultJob

Setup power plan (GUID: 8c5e7fda-e8bf-4a96-9a85-a6e23a8c635c FriendlyName: Vysoký výkon)
// **************************
// Benchmark: MujBenchmark.Aproximace: DefaultJob
// *** Execute ***
// Launch: 1 / 1
// Execute: C:\TOMÍK\8.M\Maturita\diessner_rocnikovaPrace\rpAproximace\rpAproximace\bin\Release\rpAproximace-DefaultJob-1.exe --anonymousPipes 1768 1764 --benchmarkName rpAproximace.MujBenchmark.Aproximace --job Default --benchmarkId 0 in 
// BeforeAnythingElse

// Benchmark Process Environment Information:
// BenchmarkDotNet v0.15.8
// Runtime=.NET Framework 4.8.1 (4.8.9221.0), X86 LegacyJIT
// GC=Concurrent Workstation
// HardwareIntrinsics= 
// Job: DefaultJob

OverheadJitting  1: 1 op, 165400.00 ns, 165.4000 us/op
WorkloadJitting  1: 1 op, 1131900.00 ns, 1.1319 ms/op

OverheadJitting  2: 16 op, 333500.00 ns, 20.8438 us/op
WorkloadJitting  2: 16 op, 382700.00 ns, 23.9188 us/op

WorkloadPilot    1: 16 op, 63900.00 ns, 3.9938 us/op
WorkloadPilot    2: 32 op, 108600.00 ns, 3.3938 us/op
WorkloadPilot    3: 64 op, 207300.00 ns, 3.2391 us/op
WorkloadPilot    4: 128 op, 416500.00 ns, 3.2539 us/op
WorkloadPilot    5: 256 op, 810500.00 ns, 3.1660 us/op
WorkloadPilot    6: 512 op, 1665500.00 ns, 3.2529 us/op
WorkloadPilot    7: 1024 op, 3343300.00 ns, 3.2649 us/op
WorkloadPilot    8: 2048 op, 6784600.00 ns, 3.3128 us/op
WorkloadPilot    9: 4096 op, 11411100.00 ns, 2.7859 us/op
WorkloadPilot   10: 8192 op, 22558300.00 ns, 2.7537 us/op
WorkloadPilot   11: 16384 op, 45595300.00 ns, 2.7829 us/op
WorkloadPilot   12: 32768 op, 92160600.00 ns, 2.8125 us/op
WorkloadPilot   13: 65536 op, 180931500.00 ns, 2.7608 us/op
WorkloadPilot   14: 131072 op, 345683800.00 ns, 2.6374 us/op
WorkloadPilot   15: 262144 op, 701847300.00 ns, 2.6773 us/op

OverheadWarmup   1: 262144 op, 696000.00 ns, 2.6550 ns/op
OverheadWarmup   2: 262144 op, 691700.00 ns, 2.6386 ns/op
OverheadWarmup   3: 262144 op, 692900.00 ns, 2.6432 ns/op
OverheadWarmup   4: 262144 op, 692900.00 ns, 2.6432 ns/op
OverheadWarmup   5: 262144 op, 690100.00 ns, 2.6325 ns/op
OverheadWarmup   6: 262144 op, 679200.00 ns, 2.5909 ns/op
OverheadWarmup   7: 262144 op, 677400.00 ns, 2.5841 ns/op
OverheadWarmup   8: 262144 op, 701600.00 ns, 2.6764 ns/op

OverheadActual   1: 262144 op, 684600.00 ns, 2.6115 ns/op
OverheadActual   2: 262144 op, 692700.00 ns, 2.6424 ns/op
OverheadActual   3: 262144 op, 693700.00 ns, 2.6463 ns/op
OverheadActual   4: 262144 op, 674300.00 ns, 2.5723 ns/op
OverheadActual   5: 262144 op, 669600.00 ns, 2.5543 ns/op
OverheadActual   6: 262144 op, 693300.00 ns, 2.6447 ns/op
OverheadActual   7: 262144 op, 681300.00 ns, 2.5990 ns/op
OverheadActual   8: 262144 op, 697100.00 ns, 2.6592 ns/op
OverheadActual   9: 262144 op, 724000.00 ns, 2.7618 ns/op
OverheadActual  10: 262144 op, 675900.00 ns, 2.5784 ns/op
OverheadActual  11: 262144 op, 722400.00 ns, 2.7557 ns/op
OverheadActual  12: 262144 op, 692900.00 ns, 2.6432 ns/op
OverheadActual  13: 262144 op, 692900.00 ns, 2.6432 ns/op
OverheadActual  14: 262144 op, 683300.00 ns, 2.6066 ns/op
OverheadActual  15: 262144 op, 686800.00 ns, 2.6199 ns/op

WorkloadWarmup   1: 262144 op, 722037500.00 ns, 2.7544 us/op
WorkloadWarmup   2: 262144 op, 815344300.00 ns, 3.1103 us/op
WorkloadWarmup   3: 262144 op, 1268158000.00 ns, 4.8376 us/op
WorkloadWarmup   4: 262144 op, 1235000600.00 ns, 4.7112 us/op
WorkloadWarmup   5: 262144 op, 1203079900.00 ns, 4.5894 us/op
WorkloadWarmup   6: 262144 op, 1195591300.00 ns, 4.5608 us/op
WorkloadWarmup   7: 262144 op, 1187938200.00 ns, 4.5316 us/op
WorkloadWarmup   8: 262144 op, 1211195100.00 ns, 4.6203 us/op
WorkloadWarmup   9: 262144 op, 1208753000.00 ns, 4.6110 us/op

// BeforeActualRun
WorkloadActual   1: 262144 op, 1215151000.00 ns, 4.6354 us/op
WorkloadActual   2: 262144 op, 1228899200.00 ns, 4.6879 us/op
WorkloadActual   3: 262144 op, 1227240300.00 ns, 4.6816 us/op
WorkloadActual   4: 262144 op, 1236361500.00 ns, 4.7163 us/op
WorkloadActual   5: 262144 op, 1252071400.00 ns, 4.7763 us/op
WorkloadActual   6: 262144 op, 1260241000.00 ns, 4.8074 us/op
WorkloadActual   7: 262144 op, 1234676700.00 ns, 4.7099 us/op
WorkloadActual   8: 262144 op, 1278295800.00 ns, 4.8763 us/op
WorkloadActual   9: 262144 op, 1281923100.00 ns, 4.8901 us/op
WorkloadActual  10: 262144 op, 1193660600.00 ns, 4.5535 us/op
WorkloadActual  11: 262144 op, 1206378200.00 ns, 4.6020 us/op
WorkloadActual  12: 262144 op, 1210288900.00 ns, 4.6169 us/op
WorkloadActual  13: 262144 op, 1332435700.00 ns, 5.0828 us/op
WorkloadActual  14: 262144 op, 1326114200.00 ns, 5.0587 us/op
WorkloadActual  15: 262144 op, 1237297000.00 ns, 4.7199 us/op
WorkloadActual  16: 262144 op, 1219394500.00 ns, 4.6516 us/op
WorkloadActual  17: 262144 op, 1205756100.00 ns, 4.5996 us/op
WorkloadActual  18: 262144 op, 1235137600.00 ns, 4.7117 us/op
WorkloadActual  19: 262144 op, 1210998300.00 ns, 4.6196 us/op

// AfterActualRun
WorkloadResult   1: 262144 op, 1214458300.00 ns, 4.6328 us/op
WorkloadResult   2: 262144 op, 1228206500.00 ns, 4.6852 us/op
WorkloadResult   3: 262144 op, 1226547600.00 ns, 4.6789 us/op
WorkloadResult   4: 262144 op, 1235668800.00 ns, 4.7137 us/op
WorkloadResult   5: 262144 op, 1251378700.00 ns, 4.7736 us/op
WorkloadResult   6: 262144 op, 1259548300.00 ns, 4.8048 us/op
WorkloadResult   7: 262144 op, 1233984000.00 ns, 4.7073 us/op
WorkloadResult   8: 262144 op, 1277603100.00 ns, 4.8737 us/op
WorkloadResult   9: 262144 op, 1281230400.00 ns, 4.8875 us/op
WorkloadResult  10: 262144 op, 1192967900.00 ns, 4.5508 us/op
WorkloadResult  11: 262144 op, 1205685500.00 ns, 4.5993 us/op
WorkloadResult  12: 262144 op, 1209596200.00 ns, 4.6142 us/op
WorkloadResult  13: 262144 op, 1236604300.00 ns, 4.7173 us/op
WorkloadResult  14: 262144 op, 1218701800.00 ns, 4.6490 us/op
WorkloadResult  15: 262144 op, 1205063400.00 ns, 4.5970 us/op
WorkloadResult  16: 262144 op, 1234444900.00 ns, 4.7090 us/op
WorkloadResult  17: 262144 op, 1210305600.00 ns, 4.6169 us/op
// GC:  130 0 0 685726264 262144
// Threading:  0 0 262144

// AfterAll
// Benchmark Process 44664 has exited with code 0.

Mean = 4.695 μs, StdErr = 0.023 μs (0.50%), N = 17, StdDev = 0.096 μs
Min = 4.551 μs, Q1 = 4.617 μs, Median = 4.685 μs, Q3 = 4.717 μs, Max = 4.888 μs
IQR = 0.100 μs, LowerFence = 4.466 μs, UpperFence = 4.868 μs
ConfidenceInterval = [4.601 μs; 4.788 μs] (CI 99.9%), Margin = 0.093 μs (1.99% of Mean)
Skewness = 0.58, Kurtosis = 2.3, MValue = 2

// ** Remained 1 (50,0 %) benchmark(s) to run. Estimated finish 2026-01-04 16:15 (0h 0m from now) **
Setup power plan (GUID: 8c5e7fda-e8bf-4a96-9a85-a6e23a8c635c FriendlyName: Vysoký výkon)
// **************************
// Benchmark: MujBenchmark.HeldKarp: DefaultJob
// *** Execute ***
// Launch: 1 / 1
// Execute: C:\TOMÍK\8.M\Maturita\diessner_rocnikovaPrace\rpAproximace\rpAproximace\bin\Release\rpAproximace-DefaultJob-1.exe --anonymousPipes 1784 1804 --benchmarkName rpAproximace.MujBenchmark.HeldKarp --job Default --benchmarkId 1 in 
// BeforeAnythingElse

// Benchmark Process Environment Information:
// BenchmarkDotNet v0.15.8
// Runtime=.NET Framework 4.8.1 (4.8.9221.0), X86 LegacyJIT
// GC=Concurrent Workstation
// HardwareIntrinsics= 
// Job: DefaultJob

OverheadJitting  1: 1 op, 232400.00 ns, 232.4000 us/op
WorkloadJitting  1: 1 op, 822225100.00 ns, 822.2251 ms/op

OverheadJitting  2: 1 op, 6100.00 ns, 6.1000 us/op
WorkloadJitting  2: 1 op, 786561300.00 ns, 786.5613 ms/op

WorkloadWarmup   1: 1 op, 719638100.00 ns, 719.6381 ms/op
WorkloadWarmup   2: 1 op, 730516900.00 ns, 730.5169 ms/op
WorkloadWarmup   3: 1 op, 734792600.00 ns, 734.7926 ms/op
WorkloadWarmup   4: 1 op, 715362100.00 ns, 715.3621 ms/op
WorkloadWarmup   5: 1 op, 718471200.00 ns, 718.4712 ms/op
WorkloadWarmup   6: 1 op, 720524800.00 ns, 720.5248 ms/op
WorkloadWarmup   7: 1 op, 719527200.00 ns, 719.5272 ms/op

// BeforeActualRun
WorkloadActual   1: 1 op, 728317400.00 ns, 728.3174 ms/op
WorkloadActual   2: 1 op, 715618800.00 ns, 715.6188 ms/op
WorkloadActual   3: 1 op, 715943800.00 ns, 715.9438 ms/op
WorkloadActual   4: 1 op, 725821400.00 ns, 725.8214 ms/op
WorkloadActual   5: 1 op, 726409000.00 ns, 726.4090 ms/op
WorkloadActual   6: 1 op, 711148000.00 ns, 711.1480 ms/op
WorkloadActual   7: 1 op, 717912800.00 ns, 717.9128 ms/op
WorkloadActual   8: 1 op, 729844500.00 ns, 729.8445 ms/op
WorkloadActual   9: 1 op, 738884300.00 ns, 738.8843 ms/op
WorkloadActual  10: 1 op, 743027400.00 ns, 743.0274 ms/op
WorkloadActual  11: 1 op, 693302600.00 ns, 693.3026 ms/op
WorkloadActual  12: 1 op, 726973500.00 ns, 726.9735 ms/op
WorkloadActual  13: 1 op, 729666700.00 ns, 729.6667 ms/op
WorkloadActual  14: 1 op, 730217000.00 ns, 730.2170 ms/op
WorkloadActual  15: 1 op, 729549700.00 ns, 729.5497 ms/op

// AfterActualRun
WorkloadResult   1: 1 op, 728317400.00 ns, 728.3174 ms/op
WorkloadResult   2: 1 op, 715618800.00 ns, 715.6188 ms/op
WorkloadResult   3: 1 op, 715943800.00 ns, 715.9438 ms/op
WorkloadResult   4: 1 op, 725821400.00 ns, 725.8214 ms/op
WorkloadResult   5: 1 op, 726409000.00 ns, 726.4090 ms/op
WorkloadResult   6: 1 op, 711148000.00 ns, 711.1480 ms/op
WorkloadResult   7: 1 op, 717912800.00 ns, 717.9128 ms/op
WorkloadResult   8: 1 op, 729844500.00 ns, 729.8445 ms/op
WorkloadResult   9: 1 op, 738884300.00 ns, 738.8843 ms/op
WorkloadResult  10: 1 op, 743027400.00 ns, 743.0274 ms/op
WorkloadResult  11: 1 op, 693302600.00 ns, 693.3026 ms/op
WorkloadResult  12: 1 op, 726973500.00 ns, 726.9735 ms/op
WorkloadResult  13: 1 op, 729666700.00 ns, 729.6667 ms/op
WorkloadResult  14: 1 op, 730217000.00 ns, 730.2170 ms/op
WorkloadResult  15: 1 op, 729549700.00 ns, 729.5497 ms/op
// GC:  1 1 1 167780416 1
// Threading:  0 0 1

// AfterAll
// Benchmark Process 1292 has exited with code 0.

Mean = 724.176 ms, StdErr = 3.113 ms (0.43%), N = 15, StdDev = 12.057 ms
Min = 693.303 ms, Q1 = 716.928 ms, Median = 726.974 ms, Q3 = 729.756 ms, Max = 743.027 ms
IQR = 12.827 ms, LowerFence = 697.687 ms, UpperFence = 748.997 ms
ConfidenceInterval = [711.286 ms; 737.065 ms] (CI 99.9%), Margin = 12.890 ms (1.78% of Mean)
Skewness = -0.85, Kurtosis = 3.55, MValue = 2

// ** Remained 0 (0,0 %) benchmark(s) to run. Estimated finish 2026-01-04 16:15 (0h 0m from now) **
Successfully reverted power plan (GUID: 8c5e7fda-e8bf-4a96-9a85-a6e23a8c635c FriendlyName: Vysoký výkon)
// ***** BenchmarkRunner: Finish  *****

// * Export *
  BenchmarkDotNet.Artifacts\results\rpAproximace.MujBenchmark-report.csv
  BenchmarkDotNet.Artifacts\results\rpAproximace.MujBenchmark-report-github.md
  BenchmarkDotNet.Artifacts\results\rpAproximace.MujBenchmark-report.html

// * Detailed results *
MujBenchmark.Aproximace: DefaultJob
Runtime = .NET Framework 4.8.1 (4.8.9221.0), X86 LegacyJIT; GC = Concurrent Workstation
Mean = 4.695 μs, StdErr = 0.023 μs (0.50%), N = 17, StdDev = 0.096 μs
Min = 4.551 μs, Q1 = 4.617 μs, Median = 4.685 μs, Q3 = 4.717 μs, Max = 4.888 μs
IQR = 0.100 μs, LowerFence = 4.466 μs, UpperFence = 4.868 μs
ConfidenceInterval = [4.601 μs; 4.788 μs] (CI 99.9%), Margin = 0.093 μs (1.99% of Mean)
Skewness = 0.58, Kurtosis = 2.3, MValue = 2
-------------------- Histogram --------------------
[4.535 μs ; 4.724 μs) | @@@@@@@@@@@@@
[4.724 μs ; 4.895 μs) | @@@@
---------------------------------------------------

MujBenchmark.HeldKarp: DefaultJob
Runtime = .NET Framework 4.8.1 (4.8.9221.0), X86 LegacyJIT; GC = Concurrent Workstation
Mean = 724.176 ms, StdErr = 3.113 ms (0.43%), N = 15, StdDev = 12.057 ms
Min = 693.303 ms, Q1 = 716.928 ms, Median = 726.974 ms, Q3 = 729.756 ms, Max = 743.027 ms
IQR = 12.827 ms, LowerFence = 697.687 ms, UpperFence = 748.997 ms
ConfidenceInterval = [711.286 ms; 737.065 ms] (CI 99.9%), Margin = 12.890 ms (1.78% of Mean)
Skewness = -0.85, Kurtosis = 3.55, MValue = 2
-------------------- Histogram --------------------
[686.886 ms ; 706.410 ms) | @
[706.410 ms ; 731.306 ms) | @@@@@@@@@@@@
[731.306 ms ; 749.444 ms) | @@
---------------------------------------------------

// * Summary *

BenchmarkDotNet v0.15.8, Windows 11 (10.0.26200.7462/25H2/2025Update/HudsonValley2)
12th Gen Intel Core i5-12450H 2.00GHz, 1 CPU, 12 logical and 8 physical cores
  [Host]     : .NET Framework 4.8.1 (4.8.9221.0), X86 LegacyJIT
  DefaultJob : .NET Framework 4.8.1 (4.8.9221.0), X86 LegacyJIT


| Method     | Mean           | Error          | StdDev         | Gen0      | Gen1      | Gen2      | Allocated    |
|----------- |---------------:|---------------:|---------------:|----------:|----------:|----------:|-------------:|
| Aproximace |       4.695 μs |      0.0933 μs |      0.0958 μs |    0.4959 |         - |         - |      2.55 KB |
| HeldKarp   | 724,175.793 μs | 12,889.5085 μs | 12,056.8543 μs | 1000.0000 | 1000.0000 | 1000.0000 | 163848.06 KB |

// * Hints *
Outliers
  MujBenchmark.Aproximace: Default -> 2 outliers were removed (5.06 μs, 5.08 μs)
  MujBenchmark.HeldKarp: Default   -> 1 outlier  was  detected (693.30 ms)

// * Legends *
  Mean      : Arithmetic mean of all measurements
  Error     : Half of 99.9% confidence interval
  StdDev    : Standard deviation of all measurements
  Gen0      : GC Generation 0 collects per 1000 operations
  Gen1      : GC Generation 1 collects per 1000 operations
  Gen2      : GC Generation 2 collects per 1000 operations
  Allocated : Allocated memory per single operation (managed only, inclusive, 1KB = 1024B)
  1 μs      : 1 Microsecond (0.000001 sec)

// * Diagnostic Output - MemoryDiagnoser *


// ***** BenchmarkRunner: End *****
Run time: 00:00:56 (56.14 sec), executed benchmarks: 2

Global total time: 00:00:59 (59.51 sec), executed benchmarks: 2
// * Artifacts cleanup *
Artifacts cleanup is finished
