// Validating benchmarks:
// ***** BenchmarkRunner: Start   *****
// ***** Found 1 benchmark(s) in total *****
// ***** Building 1 exe(s) in Parallel: Start   *****
// start dotnet  restore /p:UseSharedCompilation=false /p:BuildInParallel=false /m:1 /p:Deterministic=true /p:Optimize=true in C:\TOMÍK\8.M\Maturita\diessner_rocnikovaPrace\rpAproximace\rpAproximace\bin\Release\net8.0\bc5731ac-1c66-4e91-a2c3-a4436b8ca1e5
// command took 1.6 sec and exited with 0
// start dotnet  build -c Release --no-restore /p:UseSharedCompilation=false /p:BuildInParallel=false /m:1 /p:Deterministic=true /p:Optimize=true in C:\TOMÍK\8.M\Maturita\diessner_rocnikovaPrace\rpAproximace\rpAproximace\bin\Release\net8.0\bc5731ac-1c66-4e91-a2c3-a4436b8ca1e5
// command took 4.26 sec and exited with 0
// ***** Done, took 00:00:05 (5.95 sec)   *****
// Found 1 benchmarks:
//   MujBenchmark.Aproximace: .NET 8.0(Runtime=.NET 8.0)

Setup power plan (GUID: 8c5e7fda-e8bf-4a96-9a85-a6e23a8c635c FriendlyName: Vysoký výkon)
// **************************
// Benchmark: MujBenchmark.Aproximace: .NET 8.0(Runtime=.NET 8.0)
// *** Execute ***
// Launch: 1 / 1
// Execute: dotnet bc5731ac-1c66-4e91-a2c3-a4436b8ca1e5.dll --anonymousPipes 3112 3116 --benchmarkName rpAproximace.MujBenchmark.Aproximace --job ".NET 8.0" --benchmarkId 0 in C:\TOMÍK\8.M\Maturita\diessner_rocnikovaPrace\rpAproximace\rpAproximace\bin\Release\net8.0\bc5731ac-1c66-4e91-a2c3-a4436b8ca1e5\bin\Release\net8.0
// BeforeAnythingElse

// Benchmark Process Environment Information:
// BenchmarkDotNet v0.13.12
// Runtime=.NET 8.0.13 (8.0.1325.6609), X64 RyuJIT AVX2
// GC=Concurrent Workstation
// HardwareIntrinsics=AVX2,AES,BMI1,BMI2,FMA,LZCNT,PCLMUL,POPCNT,AvxVnni,SERIALIZE VectorSize=256
// Job: .NET 8.0

OverheadJitting  1: 1 op, 300600.00 ns, 300.6000 us/op
WorkloadJitting  1: 1 op, 4497800.00 ns, 4.4978 ms/op

OverheadJitting  2: 16 op, 644900.00 ns, 40.3062 us/op
WorkloadJitting  2: 16 op, 5942900.00 ns, 371.4312 us/op

WorkloadPilot    1: 16 op, 4784300.00 ns, 299.0188 us/op
WorkloadPilot    2: 32 op, 10048500.00 ns, 314.0156 us/op
WorkloadPilot    3: 64 op, 18540800.00 ns, 289.7000 us/op
WorkloadPilot    4: 128 op, 36539700.00 ns, 285.4664 us/op
WorkloadPilot    5: 256 op, 72028200.00 ns, 281.3602 us/op
WorkloadPilot    6: 512 op, 144734300.00 ns, 282.6842 us/op
WorkloadPilot    7: 1024 op, 265601100.00 ns, 259.3761 us/op
WorkloadPilot    8: 2048 op, 479746400.00 ns, 234.2512 us/op
WorkloadPilot    9: 4096 op, 1023110400.00 ns, 249.7828 us/op

OverheadWarmup   1: 4096 op, 25200.00 ns, 6.1523 ns/op
OverheadWarmup   2: 4096 op, 24600.00 ns, 6.0059 ns/op
OverheadWarmup   3: 4096 op, 23900.00 ns, 5.8350 ns/op
OverheadWarmup   4: 4096 op, 26100.00 ns, 6.3721 ns/op
OverheadWarmup   5: 4096 op, 24000.00 ns, 5.8594 ns/op
OverheadWarmup   6: 4096 op, 24200.00 ns, 5.9082 ns/op
OverheadWarmup   7: 4096 op, 24800.00 ns, 6.0547 ns/op
OverheadWarmup   8: 4096 op, 24800.00 ns, 6.0547 ns/op

OverheadActual   1: 4096 op, 26100.00 ns, 6.3721 ns/op
OverheadActual   2: 4096 op, 23200.00 ns, 5.6641 ns/op
OverheadActual   3: 4096 op, 23600.00 ns, 5.7617 ns/op
OverheadActual   4: 4096 op, 24600.00 ns, 6.0059 ns/op
OverheadActual   5: 4096 op, 24100.00 ns, 5.8838 ns/op
OverheadActual   6: 4096 op, 25300.00 ns, 6.1768 ns/op
OverheadActual   7: 4096 op, 27000.00 ns, 6.5918 ns/op
OverheadActual   8: 4096 op, 24500.00 ns, 5.9814 ns/op
OverheadActual   9: 4096 op, 22700.00 ns, 5.5420 ns/op
OverheadActual  10: 4096 op, 25200.00 ns, 6.1523 ns/op
OverheadActual  11: 4096 op, 27200.00 ns, 6.6406 ns/op
OverheadActual  12: 4096 op, 26900.00 ns, 6.5674 ns/op
OverheadActual  13: 4096 op, 24800.00 ns, 6.0547 ns/op
OverheadActual  14: 4096 op, 26300.00 ns, 6.4209 ns/op
OverheadActual  15: 4096 op, 26600.00 ns, 6.4941 ns/op
OverheadActual  16: 4096 op, 23800.00 ns, 5.8105 ns/op
OverheadActual  17: 4096 op, 23500.00 ns, 5.7373 ns/op
OverheadActual  18: 4096 op, 24000.00 ns, 5.8594 ns/op
OverheadActual  19: 4096 op, 24400.00 ns, 5.9570 ns/op
OverheadActual  20: 4096 op, 24200.00 ns, 5.9082 ns/op

WorkloadWarmup   1: 4096 op, 909145700.00 ns, 221.9594 us/op
WorkloadWarmup   2: 4096 op, 920068000.00 ns, 224.6260 us/op
WorkloadWarmup   3: 4096 op, 945898500.00 ns, 230.9323 us/op
WorkloadWarmup   4: 4096 op, 919702200.00 ns, 224.5367 us/op
WorkloadWarmup   5: 4096 op, 928365500.00 ns, 226.6517 us/op
WorkloadWarmup   6: 4096 op, 946003800.00 ns, 230.9580 us/op
WorkloadWarmup   7: 4096 op, 933543000.00 ns, 227.9158 us/op

// BeforeActualRun
WorkloadActual   1: 4096 op, 942031000.00 ns, 229.9880 us/op
WorkloadActual   2: 4096 op, 911608200.00 ns, 222.5606 us/op
WorkloadActual   3: 4096 op, 941726200.00 ns, 229.9136 us/op
WorkloadActual   4: 4096 op, 938525700.00 ns, 229.1323 us/op
WorkloadActual   5: 4096 op, 925398000.00 ns, 225.9272 us/op
WorkloadActual   6: 4096 op, 950324800.00 ns, 232.0129 us/op
WorkloadActual   7: 4096 op, 943501900.00 ns, 230.3471 us/op
WorkloadActual   8: 4096 op, 944468100.00 ns, 230.5830 us/op
WorkloadActual   9: 4096 op, 945123100.00 ns, 230.7429 us/op
WorkloadActual  10: 4096 op, 944215900.00 ns, 230.5215 us/op
WorkloadActual  11: 4096 op, 949801800.00 ns, 231.8852 us/op
WorkloadActual  12: 4096 op, 920714800.00 ns, 224.7839 us/op
WorkloadActual  13: 4096 op, 945883400.00 ns, 230.9286 us/op
WorkloadActual  14: 4096 op, 961718900.00 ns, 234.7947 us/op
WorkloadActual  15: 4096 op, 923073900.00 ns, 225.3598 us/op

// AfterActualRun
WorkloadResult   1: 4096 op, 942006450.00 ns, 229.9820 us/op
WorkloadResult   2: 4096 op, 911583650.00 ns, 222.5546 us/op
WorkloadResult   3: 4096 op, 941701650.00 ns, 229.9076 us/op
WorkloadResult   4: 4096 op, 938501150.00 ns, 229.1263 us/op
WorkloadResult   5: 4096 op, 925373450.00 ns, 225.9213 us/op
WorkloadResult   6: 4096 op, 950300250.00 ns, 232.0069 us/op
WorkloadResult   7: 4096 op, 943477350.00 ns, 230.3411 us/op
WorkloadResult   8: 4096 op, 944443550.00 ns, 230.5770 us/op
WorkloadResult   9: 4096 op, 945098550.00 ns, 230.7370 us/op
WorkloadResult  10: 4096 op, 944191350.00 ns, 230.5155 us/op
WorkloadResult  11: 4096 op, 949777250.00 ns, 231.8792 us/op
WorkloadResult  12: 4096 op, 920690250.00 ns, 224.7779 us/op
WorkloadResult  13: 4096 op, 945858850.00 ns, 230.9226 us/op
WorkloadResult  14: 4096 op, 961694350.00 ns, 234.7887 us/op
WorkloadResult  15: 4096 op, 923049350.00 ns, 225.3538 us/op
// GC:  19 1 0 119374224 4096
// Threading:  0 0 4096

// AfterAll
// Benchmark Process 48856 has exited with code 0.

Mean = 229.293 μs, StdErr = 0.836 μs (0.36%), N = 15, StdDev = 3.238 μs
Min = 222.555 μs, Q1 = 227.524 μs, Median = 230.341 μs, Q3 = 230.830 μs, Max = 234.789 μs
IQR = 3.306 μs, LowerFence = 222.565 μs, UpperFence = 235.789 μs
ConfidenceInterval = [225.831 μs; 232.755 μs] (CI 99.9%), Margin = 3.462 μs (1.51% of Mean)
Skewness = -0.55, Kurtosis = 2.35, MValue = 2

// ** Remained 0 (0,0 %) benchmark(s) to run. Estimated finish 2026-01-04 20:27 (0h 0m from now) **
Successfully reverted power plan (GUID: 8c5e7fda-e8bf-4a96-9a85-a6e23a8c635c FriendlyName: Vysoký výkon)
// ***** BenchmarkRunner: Finish  *****

// * Export *
  BenchmarkDotNet.Artifacts\results\rpAproximace.MujBenchmark-report.csv
  BenchmarkDotNet.Artifacts\results\rpAproximace.MujBenchmark-report-github.md
  BenchmarkDotNet.Artifacts\results\rpAproximace.MujBenchmark-report.html

// * Detailed results *
MujBenchmark.Aproximace: .NET 8.0(Runtime=.NET 8.0)
Runtime = .NET 8.0.13 (8.0.1325.6609), X64 RyuJIT AVX2; GC = Concurrent Workstation
Mean = 229.293 μs, StdErr = 0.836 μs (0.36%), N = 15, StdDev = 3.238 μs
Min = 222.555 μs, Q1 = 227.524 μs, Median = 230.341 μs, Q3 = 230.830 μs, Max = 234.789 μs
IQR = 3.306 μs, LowerFence = 222.565 μs, UpperFence = 235.789 μs
ConfidenceInterval = [225.831 μs; 232.755 μs] (CI 99.9%), Margin = 3.462 μs (1.51% of Mean)
Skewness = -0.55, Kurtosis = 2.35, MValue = 2
-------------------- Histogram --------------------
[221.996 μs ; 228.261 μs) | @@@@
[228.261 μs ; 236.512 μs) | @@@@@@@@@@@
---------------------------------------------------

// * Summary *

BenchmarkDotNet v0.13.12, Windows 11 (10.0.26200.7462)
12th Gen Intel Core i5-12450H, 1 CPU, 12 logical and 8 physical cores
.NET SDK 9.0.103
  [Host]   : .NET 8.0.13 (8.0.1325.6609), X64 RyuJIT AVX2
  .NET 8.0 : .NET 8.0.13 (8.0.1325.6609), X64 RyuJIT AVX2

Job=.NET 8.0  Runtime=.NET 8.0  

| Method     | Mean     | Error   | StdDev  | Gen0   | Gen1   | Allocated |
|----------- |---------:|--------:|--------:|-------:|-------:|----------:|
| Aproximace | 229.3 μs | 3.46 μs | 3.24 μs | 4.6387 | 0.2441 |  28.46 KB |

// * Hints *
Outliers
  MujBenchmark.Aproximace: .NET 8.0 -> 1 outlier  was  detected (222.56 μs)

// * Legends *
  Mean      : Arithmetic mean of all measurements
  Error     : Half of 99.9% confidence interval
  StdDev    : Standard deviation of all measurements
  Gen0      : GC Generation 0 collects per 1000 operations
  Gen1      : GC Generation 1 collects per 1000 operations
  Allocated : Allocated memory per single operation (managed only, inclusive, 1KB = 1024B)
  1 μs      : 1 Microsecond (0.000001 sec)

// * Diagnostic Output - MemoryDiagnoser *


// ***** BenchmarkRunner: End *****
Run time: 00:00:24 (24.48 sec), executed benchmarks: 1

Global total time: 00:00:30 (30.75 sec), executed benchmarks: 1
// * Artifacts cleanup *
Artifacts cleanup is finished
