// Validating benchmarks:
// ***** BenchmarkRunner: Start   *****
// ***** Found 1 benchmark(s) in total *****
// ***** Building 1 exe(s) in Parallel: Start   *****
// start dotnet  restore /p:UseSharedCompilation=false /p:BuildInParallel=false /m:1 /p:Deterministic=true /p:Optimize=true in C:\TOMÍK\8.M\Maturita\diessner_rocnikovaPrace\rpAproximace\rpAproximace\bin\Release\net8.0\f16dc692-6f46-49c2-8745-ae094b4bc6d4
// command took 1.01 sec and exited with 0
// start dotnet  build -c Release --no-restore /p:UseSharedCompilation=false /p:BuildInParallel=false /m:1 /p:Deterministic=true /p:Optimize=true in C:\TOMÍK\8.M\Maturita\diessner_rocnikovaPrace\rpAproximace\rpAproximace\bin\Release\net8.0\f16dc692-6f46-49c2-8745-ae094b4bc6d4
// command took 2.52 sec and exited with 0
// ***** Done, took 00:00:03 (3.61 sec)   *****
// Found 1 benchmarks:
//   MujBenchmark.HeldKarp: .NET 8.0(Runtime=.NET 8.0)

Setup power plan (GUID: 8c5e7fda-e8bf-4a96-9a85-a6e23a8c635c FriendlyName: Vysoký výkon)
// **************************
// Benchmark: MujBenchmark.HeldKarp: .NET 8.0(Runtime=.NET 8.0)
// *** Execute ***
// Launch: 1 / 1
// Execute: dotnet f16dc692-6f46-49c2-8745-ae094b4bc6d4.dll --anonymousPipes 1432 2964 --benchmarkName rpAproximace.MujBenchmark.HeldKarp --job ".NET 8.0" --benchmarkId 0 in C:\TOMÍK\8.M\Maturita\diessner_rocnikovaPrace\rpAproximace\rpAproximace\bin\Release\net8.0\f16dc692-6f46-49c2-8745-ae094b4bc6d4\bin\Release\net8.0
// BeforeAnythingElse

// Benchmark Process Environment Information:
// BenchmarkDotNet v0.13.12
// Runtime=.NET 8.0.13 (8.0.1325.6609), X64 RyuJIT AVX2
// GC=Concurrent Workstation
// HardwareIntrinsics=AVX2,AES,BMI1,BMI2,FMA,LZCNT,PCLMUL,POPCNT,AvxVnni,SERIALIZE VectorSize=256
// Job: .NET 8.0

OverheadJitting  1: 1 op, 172800.00 ns, 172.8000 us/op
WorkloadJitting  1: 1 op, 680400.00 ns, 680.4000 us/op

OverheadJitting  2: 16 op, 330700.00 ns, 20.6687 us/op
WorkloadJitting  2: 16 op, 396800.00 ns, 24.8000 us/op

WorkloadPilot    1: 16 op, 85100.00 ns, 5.3187 us/op
WorkloadPilot    2: 32 op, 206900.00 ns, 6.4656 us/op
WorkloadPilot    3: 64 op, 422800.00 ns, 6.6063 us/op
WorkloadPilot    4: 128 op, 805700.00 ns, 6.2945 us/op
WorkloadPilot    5: 256 op, 1583700.00 ns, 6.1863 us/op
WorkloadPilot    6: 512 op, 2674300.00 ns, 5.2232 us/op
WorkloadPilot    7: 1024 op, 4862400.00 ns, 4.7484 us/op
WorkloadPilot    8: 2048 op, 9024800.00 ns, 4.4066 us/op
WorkloadPilot    9: 4096 op, 16702500.00 ns, 4.0778 us/op
WorkloadPilot   10: 8192 op, 29069600.00 ns, 3.5485 us/op
WorkloadPilot   11: 16384 op, 58471300.00 ns, 3.5688 us/op
WorkloadPilot   12: 32768 op, 31869100.00 ns, 972.5677 ns/op
WorkloadPilot   13: 65536 op, 38835800.00 ns, 592.5873 ns/op
WorkloadPilot   14: 131072 op, 76322200.00 ns, 582.2922 ns/op
WorkloadPilot   15: 262144 op, 159988400.00 ns, 610.3073 ns/op
WorkloadPilot   16: 524288 op, 310233700.00 ns, 591.7238 ns/op
WorkloadPilot   17: 1048576 op, 598876000.00 ns, 571.1327 ns/op

OverheadWarmup   1: 1048576 op, 2897700.00 ns, 2.7635 ns/op
OverheadWarmup   2: 1048576 op, 3012800.00 ns, 2.8732 ns/op
OverheadWarmup   3: 1048576 op, 3014300.00 ns, 2.8747 ns/op
OverheadWarmup   4: 1048576 op, 2874100.00 ns, 2.7410 ns/op
OverheadWarmup   5: 1048576 op, 2906300.00 ns, 2.7717 ns/op
OverheadWarmup   6: 1048576 op, 2914000.00 ns, 2.7790 ns/op
OverheadWarmup   7: 1048576 op, 3203300.00 ns, 3.0549 ns/op
OverheadWarmup   8: 1048576 op, 3011600.00 ns, 2.8721 ns/op

OverheadActual   1: 1048576 op, 2947100.00 ns, 2.8106 ns/op
OverheadActual   2: 1048576 op, 3102600.00 ns, 2.9589 ns/op
OverheadActual   3: 1048576 op, 3058300.00 ns, 2.9166 ns/op
OverheadActual   4: 1048576 op, 2891700.00 ns, 2.7577 ns/op
OverheadActual   5: 1048576 op, 2961300.00 ns, 2.8241 ns/op
OverheadActual   6: 1048576 op, 3000800.00 ns, 2.8618 ns/op
OverheadActual   7: 1048576 op, 2950300.00 ns, 2.8136 ns/op
OverheadActual   8: 1048576 op, 3063000.00 ns, 2.9211 ns/op
OverheadActual   9: 1048576 op, 3121500.00 ns, 2.9769 ns/op
OverheadActual  10: 1048576 op, 3330900.00 ns, 3.1766 ns/op
OverheadActual  11: 1048576 op, 3155100.00 ns, 3.0089 ns/op
OverheadActual  12: 1048576 op, 3175100.00 ns, 3.0280 ns/op
OverheadActual  13: 1048576 op, 3140800.00 ns, 2.9953 ns/op
OverheadActual  14: 1048576 op, 3129500.00 ns, 2.9845 ns/op
OverheadActual  15: 1048576 op, 3135200.00 ns, 2.9900 ns/op

WorkloadWarmup   1: 1048576 op, 615053600.00 ns, 586.5608 ns/op
WorkloadWarmup   2: 1048576 op, 643967300.00 ns, 614.1351 ns/op
WorkloadWarmup   3: 1048576 op, 644235900.00 ns, 614.3912 ns/op
WorkloadWarmup   4: 1048576 op, 605437400.00 ns, 577.3901 ns/op
WorkloadWarmup   5: 1048576 op, 602848400.00 ns, 574.9210 ns/op
WorkloadWarmup   6: 1048576 op, 605061500.00 ns, 577.0316 ns/op
WorkloadWarmup   7: 1048576 op, 600787100.00 ns, 572.9552 ns/op

// BeforeActualRun
WorkloadActual   1: 1048576 op, 594891600.00 ns, 567.3328 ns/op
WorkloadActual   2: 1048576 op, 600070400.00 ns, 572.2717 ns/op
WorkloadActual   3: 1048576 op, 598766100.00 ns, 571.0279 ns/op
WorkloadActual   4: 1048576 op, 598416000.00 ns, 570.6940 ns/op
WorkloadActual   5: 1048576 op, 602405900.00 ns, 574.4990 ns/op
WorkloadActual   6: 1048576 op, 598190400.00 ns, 570.4788 ns/op
WorkloadActual   7: 1048576 op, 602624300.00 ns, 574.7073 ns/op
WorkloadActual   8: 1048576 op, 601512100.00 ns, 573.6466 ns/op
WorkloadActual   9: 1048576 op, 617184000.00 ns, 588.5925 ns/op
WorkloadActual  10: 1048576 op, 607592200.00 ns, 579.4451 ns/op
WorkloadActual  11: 1048576 op, 602555800.00 ns, 574.6420 ns/op
WorkloadActual  12: 1048576 op, 597419600.00 ns, 569.7437 ns/op
WorkloadActual  13: 1048576 op, 624323700.00 ns, 595.4015 ns/op
WorkloadActual  14: 1048576 op, 602132000.00 ns, 574.2378 ns/op
WorkloadActual  15: 1048576 op, 603769300.00 ns, 575.7993 ns/op

// AfterActualRun
WorkloadResult   1: 1048576 op, 591789000.00 ns, 564.3740 ns/op
WorkloadResult   2: 1048576 op, 596967800.00 ns, 569.3129 ns/op
WorkloadResult   3: 1048576 op, 595663500.00 ns, 568.0690 ns/op
WorkloadResult   4: 1048576 op, 595313400.00 ns, 567.7351 ns/op
WorkloadResult   5: 1048576 op, 599303300.00 ns, 571.5402 ns/op
WorkloadResult   6: 1048576 op, 595087800.00 ns, 567.5200 ns/op
WorkloadResult   7: 1048576 op, 599521700.00 ns, 571.7484 ns/op
WorkloadResult   8: 1048576 op, 598409500.00 ns, 570.6878 ns/op
WorkloadResult   9: 1048576 op, 604489600.00 ns, 576.4862 ns/op
WorkloadResult  10: 1048576 op, 599453200.00 ns, 571.6831 ns/op
WorkloadResult  11: 1048576 op, 594317000.00 ns, 566.7849 ns/op
WorkloadResult  12: 1048576 op, 599029400.00 ns, 571.2790 ns/op
WorkloadResult  13: 1048576 op, 600666700.00 ns, 572.8404 ns/op
// GC:  286 1 0 1795162512 1048576
// Threading:  0 0 1048576

// AfterAll
// Benchmark Process 35540 has exited with code 0.

Mean = 570.005 ns, StdErr = 0.870 ns (0.15%), N = 13, StdDev = 3.136 ns
Min = 564.374 ns, Q1 = 567.735 ns, Median = 570.688 ns, Q3 = 571.683 ns, Max = 576.486 ns
IQR = 3.948 ns, LowerFence = 561.813 ns, UpperFence = 577.605 ns
ConfidenceInterval = [566.250 ns; 573.760 ns] (CI 99.9%), Margin = 3.755 ns (0.66% of Mean)
Skewness = 0.16, Kurtosis = 2.42, MValue = 2

// ** Remained 0 (0,0 %) benchmark(s) to run. Estimated finish 2026-01-04 18:08 (0h 0m from now) **
Successfully reverted power plan (GUID: 8c5e7fda-e8bf-4a96-9a85-a6e23a8c635c FriendlyName: Vysoký výkon)
// ***** BenchmarkRunner: Finish  *****

// * Export *
  BenchmarkDotNet.Artifacts\results\rpAproximace.MujBenchmark-report.csv
  BenchmarkDotNet.Artifacts\results\rpAproximace.MujBenchmark-report-github.md
  BenchmarkDotNet.Artifacts\results\rpAproximace.MujBenchmark-report.html

// * Detailed results *
MujBenchmark.HeldKarp: .NET 8.0(Runtime=.NET 8.0)
Runtime = .NET 8.0.13 (8.0.1325.6609), X64 RyuJIT AVX2; GC = Concurrent Workstation
Mean = 570.005 ns, StdErr = 0.870 ns (0.15%), N = 13, StdDev = 3.136 ns
Min = 564.374 ns, Q1 = 567.735 ns, Median = 570.688 ns, Q3 = 571.683 ns, Max = 576.486 ns
IQR = 3.948 ns, LowerFence = 561.813 ns, UpperFence = 577.605 ns
ConfidenceInterval = [566.250 ns; 573.760 ns] (CI 99.9%), Margin = 3.755 ns (0.66% of Mean)
Skewness = 0.16, Kurtosis = 2.42, MValue = 2
-------------------- Histogram --------------------
[562.624 ns ; 577.482 ns) | @@@@@@@@@@@@@
---------------------------------------------------

// * Summary *

BenchmarkDotNet v0.13.12, Windows 11 (10.0.26200.7462)
12th Gen Intel Core i5-12450H, 1 CPU, 12 logical and 8 physical cores
.NET SDK 9.0.103
  [Host]   : .NET 8.0.13 (8.0.1325.6609), X64 RyuJIT AVX2
  .NET 8.0 : .NET 8.0.13 (8.0.1325.6609), X64 RyuJIT AVX2

Job=.NET 8.0  Runtime=.NET 8.0  

| Method   | Mean     | Error   | StdDev  | Gen0   | Gen1   | Allocated |
|--------- |---------:|--------:|--------:|-------:|-------:|----------:|
| HeldKarp | 570.0 ns | 3.75 ns | 3.14 ns | 0.2728 | 0.0010 |   1.67 KB |

// * Hints *
Outliers
  MujBenchmark.HeldKarp: .NET 8.0 -> 2 outliers were removed (588.59 ns, 595.40 ns)

// * Legends *
  Mean      : Arithmetic mean of all measurements
  Error     : Half of 99.9% confidence interval
  StdDev    : Standard deviation of all measurements
  Gen0      : GC Generation 0 collects per 1000 operations
  Gen1      : GC Generation 1 collects per 1000 operations
  Allocated : Allocated memory per single operation (managed only, inclusive, 1KB = 1024B)
  1 ns      : 1 Nanosecond (0.000000001 sec)

// * Diagnostic Output - MemoryDiagnoser *


// ***** BenchmarkRunner: End *****
Run time: 00:00:16 (16.09 sec), executed benchmarks: 1

Global total time: 00:00:19 (19.93 sec), executed benchmarks: 1
// * Artifacts cleanup *
Artifacts cleanup is finished
