// Validating benchmarks:
// ***** BenchmarkRunner: Start   *****
// ***** Found 2 benchmark(s) in total *****
// ***** Building 1 exe(s) in Parallel: Start   *****
// start dotnet  restore /p:UseSharedCompilation=false /p:BuildInParallel=false /m:1 /p:Deterministic=true /p:Optimize=true in C:\TOMÍK\8.M\Maturita\diessner_rocnikovaPrace\rpAproximace\rpAproximace\bin\Release\net8.0\d43dd9a2-363d-45bb-adf0-eac7f7d544a5
// command took 1.07 sec and exited with 0
// start dotnet  build -c Release --no-restore /p:UseSharedCompilation=false /p:BuildInParallel=false /m:1 /p:Deterministic=true /p:Optimize=true in C:\TOMÍK\8.M\Maturita\diessner_rocnikovaPrace\rpAproximace\rpAproximace\bin\Release\net8.0\d43dd9a2-363d-45bb-adf0-eac7f7d544a5
// command took 3.96 sec and exited with 0
// ***** Done, took 00:00:05 (5.12 sec)   *****
// Found 2 benchmarks:
//   MujBenchmark.Aproximace: .NET 8.0(Runtime=.NET 8.0)
//   MujBenchmark.HeldKarp: .NET 8.0(Runtime=.NET 8.0)

Setup power plan (GUID: 8c5e7fda-e8bf-4a96-9a85-a6e23a8c635c FriendlyName: Vysoký výkon)
// **************************
// Benchmark: MujBenchmark.Aproximace: .NET 8.0(Runtime=.NET 8.0)
// *** Execute ***
// Launch: 1 / 1
// Execute: dotnet d43dd9a2-363d-45bb-adf0-eac7f7d544a5.dll --anonymousPipes 3084 3080 --benchmarkName rpAproximace.MujBenchmark.Aproximace --job ".NET 8.0" --benchmarkId 0 in C:\TOMÍK\8.M\Maturita\diessner_rocnikovaPrace\rpAproximace\rpAproximace\bin\Release\net8.0\d43dd9a2-363d-45bb-adf0-eac7f7d544a5\bin\Release\net8.0
// BeforeAnythingElse

// Benchmark Process Environment Information:
// BenchmarkDotNet v0.13.12
// Runtime=.NET 8.0.13 (8.0.1325.6609), X64 RyuJIT AVX2
// GC=Concurrent Workstation
// HardwareIntrinsics=AVX2,AES,BMI1,BMI2,FMA,LZCNT,PCLMUL,POPCNT,AvxVnni,SERIALIZE VectorSize=256
// Job: .NET 8.0

OverheadJitting  1: 1 op, 361300.00 ns, 361.3000 us/op
WorkloadJitting  1: 1 op, 1972800.00 ns, 1.9728 ms/op

OverheadJitting  2: 16 op, 611900.00 ns, 38.2437 us/op
WorkloadJitting  2: 16 op, 821700.00 ns, 51.3563 us/op

WorkloadPilot    1: 16 op, 338800.00 ns, 21.1750 us/op
WorkloadPilot    2: 32 op, 713500.00 ns, 22.2969 us/op
WorkloadPilot    3: 64 op, 1423200.00 ns, 22.2375 us/op
WorkloadPilot    4: 128 op, 2654500.00 ns, 20.7383 us/op
WorkloadPilot    5: 256 op, 4756800.00 ns, 18.5813 us/op
WorkloadPilot    6: 512 op, 8872100.00 ns, 17.3283 us/op
WorkloadPilot    7: 1024 op, 16463500.00 ns, 16.0776 us/op
WorkloadPilot    8: 2048 op, 31142600.00 ns, 15.2063 us/op
WorkloadPilot    9: 4096 op, 60789600.00 ns, 14.8412 us/op
WorkloadPilot   10: 8192 op, 100008100.00 ns, 12.2080 us/op
WorkloadPilot   11: 16384 op, 88182500.00 ns, 5.3822 us/op
WorkloadPilot   12: 32768 op, 88683400.00 ns, 2.7064 us/op
WorkloadPilot   13: 65536 op, 171395900.00 ns, 2.6153 us/op
WorkloadPilot   14: 131072 op, 339270500.00 ns, 2.5884 us/op
WorkloadPilot   15: 262144 op, 663221100.00 ns, 2.5300 us/op

OverheadWarmup   1: 262144 op, 1647300.00 ns, 6.2840 ns/op
OverheadWarmup   2: 262144 op, 1417600.00 ns, 5.4077 ns/op
OverheadWarmup   3: 262144 op, 1428800.00 ns, 5.4504 ns/op
OverheadWarmup   4: 262144 op, 1625400.00 ns, 6.2004 ns/op
OverheadWarmup   5: 262144 op, 1454500.00 ns, 5.5485 ns/op
OverheadWarmup   6: 262144 op, 1504000.00 ns, 5.7373 ns/op
OverheadWarmup   7: 262144 op, 1678500.00 ns, 6.4030 ns/op
OverheadWarmup   8: 262144 op, 1529400.00 ns, 5.8342 ns/op

OverheadActual   1: 262144 op, 1510900.00 ns, 5.7636 ns/op
OverheadActual   2: 262144 op, 1500600.00 ns, 5.7243 ns/op
OverheadActual   3: 262144 op, 1314800.00 ns, 5.0156 ns/op
OverheadActual   4: 262144 op, 1640000.00 ns, 6.2561 ns/op
OverheadActual   5: 262144 op, 1473700.00 ns, 5.6217 ns/op
OverheadActual   6: 262144 op, 1285000.00 ns, 4.9019 ns/op
OverheadActual   7: 262144 op, 1519600.00 ns, 5.7968 ns/op
OverheadActual   8: 262144 op, 1510600.00 ns, 5.7625 ns/op
OverheadActual   9: 262144 op, 1472700.00 ns, 5.6179 ns/op
OverheadActual  10: 262144 op, 1487700.00 ns, 5.6751 ns/op
OverheadActual  11: 262144 op, 1283500.00 ns, 4.8962 ns/op
OverheadActual  12: 262144 op, 1651400.00 ns, 6.2996 ns/op
OverheadActual  13: 262144 op, 1398300.00 ns, 5.3341 ns/op
OverheadActual  14: 262144 op, 1360900.00 ns, 5.1914 ns/op
OverheadActual  15: 262144 op, 1490200.00 ns, 5.6847 ns/op
OverheadActual  16: 262144 op, 1336200.00 ns, 5.0972 ns/op
OverheadActual  17: 262144 op, 1430500.00 ns, 5.4569 ns/op
OverheadActual  18: 262144 op, 1314600.00 ns, 5.0148 ns/op
OverheadActual  19: 262144 op, 1488100.00 ns, 5.6767 ns/op
OverheadActual  20: 262144 op, 1314300.00 ns, 5.0137 ns/op

WorkloadWarmup   1: 262144 op, 671325300.00 ns, 2.5609 us/op
WorkloadWarmup   2: 262144 op, 601260500.00 ns, 2.2936 us/op
WorkloadWarmup   3: 262144 op, 669384800.00 ns, 2.5535 us/op
WorkloadWarmup   4: 262144 op, 666697500.00 ns, 2.5432 us/op
WorkloadWarmup   5: 262144 op, 665664600.00 ns, 2.5393 us/op
WorkloadWarmup   6: 262144 op, 648025900.00 ns, 2.4720 us/op
WorkloadWarmup   7: 262144 op, 607387000.00 ns, 2.3170 us/op
WorkloadWarmup   8: 262144 op, 629148400.00 ns, 2.4000 us/op
WorkloadWarmup   9: 262144 op, 543863400.00 ns, 2.0747 us/op

// BeforeActualRun
WorkloadActual   1: 262144 op, 679577700.00 ns, 2.5924 us/op
WorkloadActual   2: 262144 op, 672277900.00 ns, 2.5645 us/op
WorkloadActual   3: 262144 op, 652099300.00 ns, 2.4876 us/op
WorkloadActual   4: 262144 op, 629857400.00 ns, 2.4027 us/op
WorkloadActual   5: 262144 op, 634272700.00 ns, 2.4196 us/op
WorkloadActual   6: 262144 op, 689492800.00 ns, 2.6302 us/op
WorkloadActual   7: 262144 op, 656263200.00 ns, 2.5034 us/op
WorkloadActual   8: 262144 op, 598402200.00 ns, 2.2827 us/op
WorkloadActual   9: 262144 op, 663052400.00 ns, 2.5293 us/op
WorkloadActual  10: 262144 op, 615425900.00 ns, 2.3477 us/op
WorkloadActual  11: 262144 op, 660973000.00 ns, 2.5214 us/op
WorkloadActual  12: 262144 op, 628070400.00 ns, 2.3959 us/op
WorkloadActual  13: 262144 op, 646531800.00 ns, 2.4663 us/op
WorkloadActual  14: 262144 op, 616424900.00 ns, 2.3515 us/op
WorkloadActual  15: 262144 op, 661955800.00 ns, 2.5252 us/op
WorkloadActual  16: 262144 op, 596159700.00 ns, 2.2742 us/op
WorkloadActual  17: 262144 op, 655689600.00 ns, 2.5013 us/op
WorkloadActual  18: 262144 op, 670234000.00 ns, 2.5567 us/op
WorkloadActual  19: 262144 op, 660928900.00 ns, 2.5212 us/op
WorkloadActual  20: 262144 op, 571329500.00 ns, 2.1794 us/op
WorkloadActual  21: 262144 op, 648571500.00 ns, 2.4741 us/op
WorkloadActual  22: 262144 op, 664191900.00 ns, 2.5337 us/op
WorkloadActual  23: 262144 op, 643157800.00 ns, 2.4535 us/op
WorkloadActual  24: 262144 op, 634015800.00 ns, 2.4186 us/op
WorkloadActual  25: 262144 op, 662562100.00 ns, 2.5275 us/op
WorkloadActual  26: 262144 op, 648392900.00 ns, 2.4734 us/op
WorkloadActual  27: 262144 op, 646512800.00 ns, 2.4663 us/op
WorkloadActual  28: 262144 op, 565123300.00 ns, 2.1558 us/op
WorkloadActual  29: 262144 op, 604770800.00 ns, 2.3070 us/op
WorkloadActual  30: 262144 op, 648762200.00 ns, 2.4748 us/op
WorkloadActual  31: 262144 op, 682112400.00 ns, 2.6021 us/op
WorkloadActual  32: 262144 op, 672662900.00 ns, 2.5660 us/op
WorkloadActual  33: 262144 op, 630506000.00 ns, 2.4052 us/op
WorkloadActual  34: 262144 op, 658525200.00 ns, 2.5121 us/op
WorkloadActual  35: 262144 op, 652238700.00 ns, 2.4881 us/op
WorkloadActual  36: 262144 op, 654546000.00 ns, 2.4969 us/op
WorkloadActual  37: 262144 op, 575078000.00 ns, 2.1937 us/op
WorkloadActual  38: 262144 op, 658505700.00 ns, 2.5120 us/op
WorkloadActual  39: 262144 op, 659958800.00 ns, 2.5175 us/op
WorkloadActual  40: 262144 op, 567067100.00 ns, 2.1632 us/op
WorkloadActual  41: 262144 op, 647626000.00 ns, 2.4705 us/op
WorkloadActual  42: 262144 op, 597997800.00 ns, 2.2812 us/op
WorkloadActual  43: 262144 op, 711145700.00 ns, 2.7128 us/op
WorkloadActual  44: 262144 op, 650526900.00 ns, 2.4816 us/op
WorkloadActual  45: 262144 op, 668208100.00 ns, 2.5490 us/op
WorkloadActual  46: 262144 op, 687086700.00 ns, 2.6210 us/op
WorkloadActual  47: 262144 op, 682085400.00 ns, 2.6019 us/op
WorkloadActual  48: 262144 op, 708071900.00 ns, 2.7011 us/op
WorkloadActual  49: 262144 op, 654262000.00 ns, 2.4958 us/op
WorkloadActual  50: 262144 op, 627205600.00 ns, 2.3926 us/op
WorkloadActual  51: 262144 op, 580365300.00 ns, 2.2139 us/op
WorkloadActual  52: 262144 op, 646180900.00 ns, 2.4650 us/op
WorkloadActual  53: 262144 op, 660817900.00 ns, 2.5208 us/op
WorkloadActual  54: 262144 op, 641480900.00 ns, 2.4471 us/op
WorkloadActual  55: 262144 op, 646214300.00 ns, 2.4651 us/op
WorkloadActual  56: 262144 op, 596870600.00 ns, 2.2769 us/op
WorkloadActual  57: 262144 op, 664431900.00 ns, 2.5346 us/op
WorkloadActual  58: 262144 op, 619306900.00 ns, 2.3625 us/op
WorkloadActual  59: 262144 op, 663987300.00 ns, 2.5329 us/op
WorkloadActual  60: 262144 op, 647572000.00 ns, 2.4703 us/op
WorkloadActual  61: 262144 op, 661482500.00 ns, 2.5234 us/op
WorkloadActual  62: 262144 op, 663394700.00 ns, 2.5306 us/op
WorkloadActual  63: 262144 op, 642475500.00 ns, 2.4508 us/op
WorkloadActual  64: 262144 op, 671201500.00 ns, 2.5604 us/op
WorkloadActual  65: 262144 op, 659968600.00 ns, 2.5176 us/op
WorkloadActual  66: 262144 op, 619617800.00 ns, 2.3637 us/op
WorkloadActual  67: 262144 op, 638179400.00 ns, 2.4345 us/op
WorkloadActual  68: 262144 op, 635507600.00 ns, 2.4243 us/op
WorkloadActual  69: 262144 op, 660035500.00 ns, 2.5178 us/op

// AfterActualRun
WorkloadResult   1: 262144 op, 678104500.00 ns, 2.5868 us/op
WorkloadResult   2: 262144 op, 670804700.00 ns, 2.5589 us/op
WorkloadResult   3: 262144 op, 650626100.00 ns, 2.4819 us/op
WorkloadResult   4: 262144 op, 628384200.00 ns, 2.3971 us/op
WorkloadResult   5: 262144 op, 632799500.00 ns, 2.4139 us/op
WorkloadResult   6: 262144 op, 688019600.00 ns, 2.6246 us/op
WorkloadResult   7: 262144 op, 654790000.00 ns, 2.4978 us/op
WorkloadResult   8: 262144 op, 596929000.00 ns, 2.2771 us/op
WorkloadResult   9: 262144 op, 661579200.00 ns, 2.5237 us/op
WorkloadResult  10: 262144 op, 613952700.00 ns, 2.3420 us/op
WorkloadResult  11: 262144 op, 659499800.00 ns, 2.5158 us/op
WorkloadResult  12: 262144 op, 626597200.00 ns, 2.3903 us/op
WorkloadResult  13: 262144 op, 645058600.00 ns, 2.4607 us/op
WorkloadResult  14: 262144 op, 614951700.00 ns, 2.3459 us/op
WorkloadResult  15: 262144 op, 660482600.00 ns, 2.5195 us/op
WorkloadResult  16: 262144 op, 594686500.00 ns, 2.2685 us/op
WorkloadResult  17: 262144 op, 654216400.00 ns, 2.4956 us/op
WorkloadResult  18: 262144 op, 668760800.00 ns, 2.5511 us/op
WorkloadResult  19: 262144 op, 659455700.00 ns, 2.5156 us/op
WorkloadResult  20: 262144 op, 569856300.00 ns, 2.1738 us/op
WorkloadResult  21: 262144 op, 647098300.00 ns, 2.4685 us/op
WorkloadResult  22: 262144 op, 662718700.00 ns, 2.5281 us/op
WorkloadResult  23: 262144 op, 641684600.00 ns, 2.4478 us/op
WorkloadResult  24: 262144 op, 632542600.00 ns, 2.4130 us/op
WorkloadResult  25: 262144 op, 661088900.00 ns, 2.5219 us/op
WorkloadResult  26: 262144 op, 646919700.00 ns, 2.4678 us/op
WorkloadResult  27: 262144 op, 645039600.00 ns, 2.4606 us/op
WorkloadResult  28: 262144 op, 563650100.00 ns, 2.1502 us/op
WorkloadResult  29: 262144 op, 603297600.00 ns, 2.3014 us/op
WorkloadResult  30: 262144 op, 647289000.00 ns, 2.4692 us/op
WorkloadResult  31: 262144 op, 680639200.00 ns, 2.5964 us/op
WorkloadResult  32: 262144 op, 671189700.00 ns, 2.5604 us/op
WorkloadResult  33: 262144 op, 629032800.00 ns, 2.3996 us/op
WorkloadResult  34: 262144 op, 657052000.00 ns, 2.5065 us/op
WorkloadResult  35: 262144 op, 650765500.00 ns, 2.4825 us/op
WorkloadResult  36: 262144 op, 653072800.00 ns, 2.4913 us/op
WorkloadResult  37: 262144 op, 573604800.00 ns, 2.1881 us/op
WorkloadResult  38: 262144 op, 657032500.00 ns, 2.5064 us/op
WorkloadResult  39: 262144 op, 658485600.00 ns, 2.5119 us/op
WorkloadResult  40: 262144 op, 565593900.00 ns, 2.1576 us/op
WorkloadResult  41: 262144 op, 646152800.00 ns, 2.4649 us/op
WorkloadResult  42: 262144 op, 596524600.00 ns, 2.2756 us/op
WorkloadResult  43: 262144 op, 649053700.00 ns, 2.4759 us/op
WorkloadResult  44: 262144 op, 666734900.00 ns, 2.5434 us/op
WorkloadResult  45: 262144 op, 685613500.00 ns, 2.6154 us/op
WorkloadResult  46: 262144 op, 680612200.00 ns, 2.5963 us/op
WorkloadResult  47: 262144 op, 706598700.00 ns, 2.6955 us/op
WorkloadResult  48: 262144 op, 652788800.00 ns, 2.4902 us/op
WorkloadResult  49: 262144 op, 625732400.00 ns, 2.3870 us/op
WorkloadResult  50: 262144 op, 578892100.00 ns, 2.2083 us/op
WorkloadResult  51: 262144 op, 644707700.00 ns, 2.4594 us/op
WorkloadResult  52: 262144 op, 659344700.00 ns, 2.5152 us/op
WorkloadResult  53: 262144 op, 640007700.00 ns, 2.4414 us/op
WorkloadResult  54: 262144 op, 644741100.00 ns, 2.4595 us/op
WorkloadResult  55: 262144 op, 595397400.00 ns, 2.2713 us/op
WorkloadResult  56: 262144 op, 662958700.00 ns, 2.5290 us/op
WorkloadResult  57: 262144 op, 617833700.00 ns, 2.3568 us/op
WorkloadResult  58: 262144 op, 662514100.00 ns, 2.5273 us/op
WorkloadResult  59: 262144 op, 646098800.00 ns, 2.4647 us/op
WorkloadResult  60: 262144 op, 660009300.00 ns, 2.5177 us/op
WorkloadResult  61: 262144 op, 661921500.00 ns, 2.5250 us/op
WorkloadResult  62: 262144 op, 641002300.00 ns, 2.4452 us/op
WorkloadResult  63: 262144 op, 669728300.00 ns, 2.5548 us/op
WorkloadResult  64: 262144 op, 658495400.00 ns, 2.5120 us/op
WorkloadResult  65: 262144 op, 618144600.00 ns, 2.3580 us/op
WorkloadResult  66: 262144 op, 636706200.00 ns, 2.4288 us/op
WorkloadResult  67: 262144 op, 634034400.00 ns, 2.4186 us/op
WorkloadResult  68: 262144 op, 658562300.00 ns, 2.5122 us/op
// GC:  132 1 0 828375440 262144
// Threading:  0 0 262144

// AfterAll
// Benchmark Process 45540 has exited with code 0.

Mean = 2.450 μs, StdErr = 0.014 μs (0.57%), N = 68, StdDev = 0.116 μs
Min = 2.150 μs, Q1 = 2.399 μs, Median = 2.473 μs, Q3 = 2.520 μs, Max = 2.695 μs
IQR = 0.121 μs, LowerFence = 2.217 μs, UpperFence = 2.702 μs
ConfidenceInterval = [2.402 μs; 2.499 μs] (CI 99.9%), Margin = 0.048 μs (1.98% of Mean)
Skewness = -0.86, Kurtosis = 3.38, MValue = 2

// ** Remained 1 (50,0 %) benchmark(s) to run. Estimated finish 2026-01-04 20:22 (0h 0m from now) **
Setup power plan (GUID: 8c5e7fda-e8bf-4a96-9a85-a6e23a8c635c FriendlyName: Vysoký výkon)
// **************************
// Benchmark: MujBenchmark.HeldKarp: .NET 8.0(Runtime=.NET 8.0)
// *** Execute ***
// Launch: 1 / 1
// Execute: dotnet d43dd9a2-363d-45bb-adf0-eac7f7d544a5.dll --anonymousPipes 3000 628 --benchmarkName rpAproximace.MujBenchmark.HeldKarp --job ".NET 8.0" --benchmarkId 1 in C:\TOMÍK\8.M\Maturita\diessner_rocnikovaPrace\rpAproximace\rpAproximace\bin\Release\net8.0\d43dd9a2-363d-45bb-adf0-eac7f7d544a5\bin\Release\net8.0
// BeforeAnythingElse

// Benchmark Process Environment Information:
// BenchmarkDotNet v0.13.12
// Runtime=.NET 8.0.13 (8.0.1325.6609), X64 RyuJIT AVX2
// GC=Concurrent Workstation
// HardwareIntrinsics=AVX2,AES,BMI1,BMI2,FMA,LZCNT,PCLMUL,POPCNT,AvxVnni,SERIALIZE VectorSize=256
// Job: .NET 8.0

OverheadJitting  1: 1 op, 336800.00 ns, 336.8000 us/op
WorkloadJitting  1: 1 op, 631772700.00 ns, 631.7727 ms/op

OverheadJitting  2: 1 op, 300.00 ns, 300.0000 ns/op
WorkloadJitting  2: 1 op, 641020300.00 ns, 641.0203 ms/op

WorkloadWarmup   1: 1 op, 627118700.00 ns, 627.1187 ms/op
WorkloadWarmup   2: 1 op, 639891900.00 ns, 639.8919 ms/op
WorkloadWarmup   3: 1 op, 624700400.00 ns, 624.7004 ms/op
WorkloadWarmup   4: 1 op, 652122000.00 ns, 652.1220 ms/op
WorkloadWarmup   5: 1 op, 661436700.00 ns, 661.4367 ms/op
WorkloadWarmup   6: 1 op, 650613900.00 ns, 650.6139 ms/op

// BeforeActualRun
WorkloadActual   1: 1 op, 647306600.00 ns, 647.3066 ms/op
WorkloadActual   2: 1 op, 635748700.00 ns, 635.7487 ms/op
WorkloadActual   3: 1 op, 620314600.00 ns, 620.3146 ms/op
WorkloadActual   4: 1 op, 615399600.00 ns, 615.3996 ms/op
WorkloadActual   5: 1 op, 626736700.00 ns, 626.7367 ms/op
WorkloadActual   6: 1 op, 628837600.00 ns, 628.8376 ms/op
WorkloadActual   7: 1 op, 619636600.00 ns, 619.6366 ms/op
WorkloadActual   8: 1 op, 636080000.00 ns, 636.0800 ms/op
WorkloadActual   9: 1 op, 612746700.00 ns, 612.7467 ms/op
WorkloadActual  10: 1 op, 644033300.00 ns, 644.0333 ms/op
WorkloadActual  11: 1 op, 627834000.00 ns, 627.8340 ms/op
WorkloadActual  12: 1 op, 630104000.00 ns, 630.1040 ms/op
WorkloadActual  13: 1 op, 603851600.00 ns, 603.8516 ms/op
WorkloadActual  14: 1 op, 634319200.00 ns, 634.3192 ms/op
WorkloadActual  15: 1 op, 628001700.00 ns, 628.0017 ms/op

// AfterActualRun
WorkloadResult   1: 1 op, 647306600.00 ns, 647.3066 ms/op
WorkloadResult   2: 1 op, 635748700.00 ns, 635.7487 ms/op
WorkloadResult   3: 1 op, 620314600.00 ns, 620.3146 ms/op
WorkloadResult   4: 1 op, 615399600.00 ns, 615.3996 ms/op
WorkloadResult   5: 1 op, 626736700.00 ns, 626.7367 ms/op
WorkloadResult   6: 1 op, 628837600.00 ns, 628.8376 ms/op
WorkloadResult   7: 1 op, 619636600.00 ns, 619.6366 ms/op
WorkloadResult   8: 1 op, 636080000.00 ns, 636.0800 ms/op
WorkloadResult   9: 1 op, 612746700.00 ns, 612.7467 ms/op
WorkloadResult  10: 1 op, 644033300.00 ns, 644.0333 ms/op
WorkloadResult  11: 1 op, 627834000.00 ns, 627.8340 ms/op
WorkloadResult  12: 1 op, 630104000.00 ns, 630.1040 ms/op
WorkloadResult  13: 1 op, 603851600.00 ns, 603.8516 ms/op
WorkloadResult  14: 1 op, 634319200.00 ns, 634.3192 ms/op
WorkloadResult  15: 1 op, 628001700.00 ns, 628.0017 ms/op
// GC:  1 1 1 167773792 1
// Threading:  0 0 1

// AfterAll
// Benchmark Process 28440 has exited with code 0.

Mean = 627.397 ms, StdErr = 3.008 ms (0.48%), N = 15, StdDev = 11.650 ms
Min = 603.852 ms, Q1 = 619.976 ms, Median = 628.002 ms, Q3 = 635.034 ms, Max = 647.307 ms
IQR = 15.058 ms, LowerFence = 597.388 ms, UpperFence = 657.621 ms
ConfidenceInterval = [614.943 ms; 639.851 ms] (CI 99.9%), Margin = 12.454 ms (1.99% of Mean)
Skewness = -0.2, Kurtosis = 2.27, MValue = 2

// ** Remained 0 (0,0 %) benchmark(s) to run. Estimated finish 2026-01-04 20:21 (0h 0m from now) **
Successfully reverted power plan (GUID: 8c5e7fda-e8bf-4a96-9a85-a6e23a8c635c FriendlyName: Vysoký výkon)
// ***** BenchmarkRunner: Finish  *****

// * Export *
  BenchmarkDotNet.Artifacts\results\rpAproximace.MujBenchmark-report.csv
  BenchmarkDotNet.Artifacts\results\rpAproximace.MujBenchmark-report-github.md
  BenchmarkDotNet.Artifacts\results\rpAproximace.MujBenchmark-report.html

// * Detailed results *
MujBenchmark.Aproximace: .NET 8.0(Runtime=.NET 8.0)
Runtime = .NET 8.0.13 (8.0.1325.6609), X64 RyuJIT AVX2; GC = Concurrent Workstation
Mean = 2.450 μs, StdErr = 0.014 μs (0.57%), N = 68, StdDev = 0.116 μs
Min = 2.150 μs, Q1 = 2.399 μs, Median = 2.473 μs, Q3 = 2.520 μs, Max = 2.695 μs
IQR = 0.121 μs, LowerFence = 2.217 μs, UpperFence = 2.702 μs
ConfidenceInterval = [2.402 μs; 2.499 μs] (CI 99.9%), Margin = 0.048 μs (1.98% of Mean)
Skewness = -0.86, Kurtosis = 3.38, MValue = 2
-------------------- Histogram --------------------
[2.142 μs ; 2.217 μs) | @@@@@
[2.217 μs ; 2.268 μs) | 
[2.268 μs ; 2.380 μs) | @@@@@@@@@
[2.380 μs ; 2.457 μs) | @@@@@@@@@@@
[2.457 μs ; 2.542 μs) | @@@@@@@@@@@@@@@@@@@@@@@@@@@@@@@@
[2.542 μs ; 2.617 μs) | @@@@@@@@@
[2.617 μs ; 2.697 μs) | @@
---------------------------------------------------

MujBenchmark.HeldKarp: .NET 8.0(Runtime=.NET 8.0)
Runtime = .NET 8.0.13 (8.0.1325.6609), X64 RyuJIT AVX2; GC = Concurrent Workstation
Mean = 627.397 ms, StdErr = 3.008 ms (0.48%), N = 15, StdDev = 11.650 ms
Min = 603.852 ms, Q1 = 619.976 ms, Median = 628.002 ms, Q3 = 635.034 ms, Max = 647.307 ms
IQR = 15.058 ms, LowerFence = 597.388 ms, UpperFence = 657.621 ms
ConfidenceInterval = [614.943 ms; 639.851 ms] (CI 99.9%), Margin = 12.454 ms (1.99% of Mean)
Skewness = -0.2, Kurtosis = 2.27, MValue = 2
-------------------- Histogram --------------------
[597.652 ms ; 610.331 ms) | @
[610.331 ms ; 625.094 ms) | @@@@
[625.094 ms ; 639.213 ms) | @@@@@@@@
[639.213 ms ; 653.506 ms) | @@
---------------------------------------------------

// * Summary *

BenchmarkDotNet v0.13.12, Windows 11 (10.0.26200.7462)
12th Gen Intel Core i5-12450H, 1 CPU, 12 logical and 8 physical cores
.NET SDK 9.0.103
  [Host]   : .NET 8.0.13 (8.0.1325.6609), X64 RyuJIT AVX2
  .NET 8.0 : .NET 8.0.13 (8.0.1325.6609), X64 RyuJIT AVX2

Job=.NET 8.0  Runtime=.NET 8.0  

| Method     | Mean           | Error          | StdDev         | Gen0      | Gen1      | Gen2      | Allocated    |
|----------- |---------------:|---------------:|---------------:|----------:|----------:|----------:|-------------:|
| Aproximace |       2.450 μs |      0.0485 μs |      0.1161 μs |    0.5035 |    0.0038 |         - |      3.09 KB |
| HeldKarp   | 627,396.727 μs | 12,454.0344 μs | 11,649.5115 μs | 1000.0000 | 1000.0000 | 1000.0000 | 163841.59 KB |

// * Hints *
Outliers
  MujBenchmark.Aproximace: .NET 8.0 -> 1 outlier  was  removed, 6 outliers were detected (2.16 μs..2.21 μs, 2.71 μs)

// * Legends *
  Mean      : Arithmetic mean of all measurements
  Error     : Half of 99.9% confidence interval
  StdDev    : Standard deviation of all measurements
  Gen0      : GC Generation 0 collects per 1000 operations
  Gen1      : GC Generation 1 collects per 1000 operations
  Gen2      : GC Generation 2 collects per 1000 operations
  Allocated : Allocated memory per single operation (managed only, inclusive, 1KB = 1024B)
  1 μs      : 1 Microsecond (0.000001 sec)

// * Diagnostic Output - MemoryDiagnoser *


// ***** BenchmarkRunner: End *****
Run time: 00:01:09 (69.22 sec), executed benchmarks: 2

Global total time: 00:01:14 (74.69 sec), executed benchmarks: 2
// * Artifacts cleanup *
Artifacts cleanup is finished
