// Validating benchmarks:
// ***** BenchmarkRunner: Start   *****
// ***** Found 1 benchmark(s) in total *****
// ***** Building 1 exe(s) in Parallel: Start   *****
// start dotnet  restore /p:UseSharedCompilation=false /p:BuildInParallel=false /m:1 /p:Deterministic=true /p:Optimize=true in C:\TOMÍK\8.M\Maturita\diessner_rocnikovaPrace\rpAproximace\rpAproximace\bin\Release\net8.0\846eb22e-821f-4b2a-8351-863d7ae8b2e1
// command took 1.01 sec and exited with 0
// start dotnet  build -c Release --no-restore /p:UseSharedCompilation=false /p:BuildInParallel=false /m:1 /p:Deterministic=true /p:Optimize=true in C:\TOMÍK\8.M\Maturita\diessner_rocnikovaPrace\rpAproximace\rpAproximace\bin\Release\net8.0\846eb22e-821f-4b2a-8351-863d7ae8b2e1
// command took 2.44 sec and exited with 0
// ***** Done, took 00:00:03 (3.53 sec)   *****
// Found 1 benchmarks:
//   MujBenchmark.Aproximace: .NET 8.0(Runtime=.NET 8.0)

Setup power plan (GUID: 8c5e7fda-e8bf-4a96-9a85-a6e23a8c635c FriendlyName: Vysoký výkon)
// **************************
// Benchmark: MujBenchmark.Aproximace: .NET 8.0(Runtime=.NET 8.0)
// *** Execute ***
// Launch: 1 / 1
// Execute: dotnet 846eb22e-821f-4b2a-8351-863d7ae8b2e1.dll --anonymousPipes 2732 2596 --benchmarkName rpAproximace.MujBenchmark.Aproximace --job ".NET 8.0" --benchmarkId 0 in C:\TOMÍK\8.M\Maturita\diessner_rocnikovaPrace\rpAproximace\rpAproximace\bin\Release\net8.0\846eb22e-821f-4b2a-8351-863d7ae8b2e1\bin\Release\net8.0
// BeforeAnythingElse

// Benchmark Process Environment Information:
// BenchmarkDotNet v0.13.12
// Runtime=.NET 8.0.13 (8.0.1325.6609), X64 RyuJIT AVX2
// GC=Concurrent Workstation
// HardwareIntrinsics=AVX2,AES,BMI1,BMI2,FMA,LZCNT,PCLMUL,POPCNT,AvxVnni,SERIALIZE VectorSize=256
// Job: .NET 8.0

OverheadJitting  1: 1 op, 163800.00 ns, 163.8000 us/op
WorkloadJitting  1: 1 op, 1168100.00 ns, 1.1681 ms/op

OverheadJitting  2: 16 op, 348600.00 ns, 21.7875 us/op
WorkloadJitting  2: 16 op, 2324800.00 ns, 145.3000 us/op

WorkloadPilot    1: 16 op, 674500.00 ns, 42.1562 us/op
WorkloadPilot    2: 32 op, 1239300.00 ns, 38.7281 us/op
WorkloadPilot    3: 64 op, 2396100.00 ns, 37.4391 us/op
WorkloadPilot    4: 128 op, 4145000.00 ns, 32.3828 us/op
WorkloadPilot    5: 256 op, 7700000.00 ns, 30.0781 us/op
WorkloadPilot    6: 512 op, 14189700.00 ns, 27.7143 us/op
WorkloadPilot    7: 1024 op, 26927800.00 ns, 26.2967 us/op
WorkloadPilot    8: 2048 op, 50124600.00 ns, 24.4749 us/op
WorkloadPilot    9: 4096 op, 104155400.00 ns, 25.4286 us/op
WorkloadPilot   10: 8192 op, 110833700.00 ns, 13.5295 us/op
WorkloadPilot   11: 16384 op, 95607000.00 ns, 5.8354 us/op
WorkloadPilot   12: 32768 op, 195231700.00 ns, 5.9580 us/op
WorkloadPilot   13: 65536 op, 378285000.00 ns, 5.7722 us/op
WorkloadPilot   14: 131072 op, 766090500.00 ns, 5.8448 us/op

OverheadWarmup   1: 131072 op, 373900.00 ns, 2.8526 ns/op
OverheadWarmup   2: 131072 op, 379700.00 ns, 2.8969 ns/op
OverheadWarmup   3: 131072 op, 390800.00 ns, 2.9816 ns/op
OverheadWarmup   4: 131072 op, 383700.00 ns, 2.9274 ns/op
OverheadWarmup   5: 131072 op, 387800.00 ns, 2.9587 ns/op
OverheadWarmup   6: 131072 op, 384500.00 ns, 2.9335 ns/op

OverheadActual   1: 131072 op, 395300.00 ns, 3.0159 ns/op
OverheadActual   2: 131072 op, 395800.00 ns, 3.0197 ns/op
OverheadActual   3: 131072 op, 388000.00 ns, 2.9602 ns/op
OverheadActual   4: 131072 op, 395900.00 ns, 3.0205 ns/op
OverheadActual   5: 131072 op, 387600.00 ns, 2.9572 ns/op
OverheadActual   6: 131072 op, 411800.00 ns, 3.1418 ns/op
OverheadActual   7: 131072 op, 387700.00 ns, 2.9579 ns/op
OverheadActual   8: 131072 op, 379700.00 ns, 2.8969 ns/op
OverheadActual   9: 131072 op, 387400.00 ns, 2.9556 ns/op
OverheadActual  10: 131072 op, 383800.00 ns, 2.9282 ns/op
OverheadActual  11: 131072 op, 380000.00 ns, 2.8992 ns/op
OverheadActual  12: 131072 op, 395100.00 ns, 3.0144 ns/op
OverheadActual  13: 131072 op, 395000.00 ns, 3.0136 ns/op
OverheadActual  14: 131072 op, 398300.00 ns, 3.0388 ns/op
OverheadActual  15: 131072 op, 392500.00 ns, 2.9945 ns/op

WorkloadWarmup   1: 131072 op, 786760300.00 ns, 6.0025 us/op
WorkloadWarmup   2: 131072 op, 786694800.00 ns, 6.0020 us/op
WorkloadWarmup   3: 131072 op, 773872300.00 ns, 5.9042 us/op
WorkloadWarmup   4: 131072 op, 758819900.00 ns, 5.7893 us/op
WorkloadWarmup   5: 131072 op, 754068900.00 ns, 5.7531 us/op
WorkloadWarmup   6: 131072 op, 753153100.00 ns, 5.7461 us/op
WorkloadWarmup   7: 131072 op, 746045500.00 ns, 5.6919 us/op
WorkloadWarmup   8: 131072 op, 744247900.00 ns, 5.6782 us/op
WorkloadWarmup   9: 131072 op, 752996500.00 ns, 5.7449 us/op
WorkloadWarmup  10: 131072 op, 744433500.00 ns, 5.6796 us/op
WorkloadWarmup  11: 131072 op, 751790500.00 ns, 5.7357 us/op
WorkloadWarmup  12: 131072 op, 765295600.00 ns, 5.8387 us/op
WorkloadWarmup  13: 131072 op, 745844600.00 ns, 5.6903 us/op

// BeforeActualRun
WorkloadActual   1: 131072 op, 750767400.00 ns, 5.7279 us/op
WorkloadActual   2: 131072 op, 756649100.00 ns, 5.7728 us/op
WorkloadActual   3: 131072 op, 760851400.00 ns, 5.8048 us/op
WorkloadActual   4: 131072 op, 751787400.00 ns, 5.7357 us/op
WorkloadActual   5: 131072 op, 757266000.00 ns, 5.7775 us/op
WorkloadActual   6: 131072 op, 762615600.00 ns, 5.8183 us/op
WorkloadActual   7: 131072 op, 746448100.00 ns, 5.6949 us/op
WorkloadActual   8: 131072 op, 743742300.00 ns, 5.6743 us/op
WorkloadActual   9: 131072 op, 744502600.00 ns, 5.6801 us/op
WorkloadActual  10: 131072 op, 748863700.00 ns, 5.7134 us/op
WorkloadActual  11: 131072 op, 746906500.00 ns, 5.6984 us/op
WorkloadActual  12: 131072 op, 761382100.00 ns, 5.8089 us/op
WorkloadActual  13: 131072 op, 744652700.00 ns, 5.6812 us/op
WorkloadActual  14: 131072 op, 746458500.00 ns, 5.6950 us/op
WorkloadActual  15: 131072 op, 749008400.00 ns, 5.7145 us/op

// AfterActualRun
WorkloadResult   1: 131072 op, 750374900.00 ns, 5.7249 us/op
WorkloadResult   2: 131072 op, 756256600.00 ns, 5.7698 us/op
WorkloadResult   3: 131072 op, 760458900.00 ns, 5.8018 us/op
WorkloadResult   4: 131072 op, 751394900.00 ns, 5.7327 us/op
WorkloadResult   5: 131072 op, 756873500.00 ns, 5.7745 us/op
WorkloadResult   6: 131072 op, 762223100.00 ns, 5.8153 us/op
WorkloadResult   7: 131072 op, 746055600.00 ns, 5.6920 us/op
WorkloadResult   8: 131072 op, 743349800.00 ns, 5.6713 us/op
WorkloadResult   9: 131072 op, 744110100.00 ns, 5.6771 us/op
WorkloadResult  10: 131072 op, 748471200.00 ns, 5.7104 us/op
WorkloadResult  11: 131072 op, 746514000.00 ns, 5.6954 us/op
WorkloadResult  12: 131072 op, 760989600.00 ns, 5.8059 us/op
WorkloadResult  13: 131072 op, 744260200.00 ns, 5.6783 us/op
WorkloadResult  14: 131072 op, 746066000.00 ns, 5.6920 us/op
WorkloadResult  15: 131072 op, 748615900.00 ns, 5.7115 us/op
// GC:  159 3 0 998244752 131072
// Threading:  0 0 131072

// AfterAll
// Benchmark Process 13604 has exited with code 0.

Mean = 5.730 μs, StdErr = 0.013 μs (0.23%), N = 15, StdDev = 0.050 μs
Min = 5.671 μs, Q1 = 5.692 μs, Median = 5.711 μs, Q3 = 5.772 μs, Max = 5.815 μs
IQR = 0.080 μs, LowerFence = 5.572 μs, UpperFence = 5.892 μs
ConfidenceInterval = [5.676 μs; 5.784 μs] (CI 99.9%), Margin = 0.054 μs (0.94% of Mean)
Skewness = 0.47, Kurtosis = 1.57, MValue = 2

// ** Remained 0 (0,0 %) benchmark(s) to run. Estimated finish 2026-01-04 20:24 (0h 0m from now) **
Successfully reverted power plan (GUID: 8c5e7fda-e8bf-4a96-9a85-a6e23a8c635c FriendlyName: Vysoký výkon)
// ***** BenchmarkRunner: Finish  *****

// * Export *
  BenchmarkDotNet.Artifacts\results\rpAproximace.MujBenchmark-report.csv
  BenchmarkDotNet.Artifacts\results\rpAproximace.MujBenchmark-report-github.md
  BenchmarkDotNet.Artifacts\results\rpAproximace.MujBenchmark-report.html

// * Detailed results *
MujBenchmark.Aproximace: .NET 8.0(Runtime=.NET 8.0)
Runtime = .NET 8.0.13 (8.0.1325.6609), X64 RyuJIT AVX2; GC = Concurrent Workstation
Mean = 5.730 μs, StdErr = 0.013 μs (0.23%), N = 15, StdDev = 0.050 μs
Min = 5.671 μs, Q1 = 5.692 μs, Median = 5.711 μs, Q3 = 5.772 μs, Max = 5.815 μs
IQR = 0.080 μs, LowerFence = 5.572 μs, UpperFence = 5.892 μs
ConfidenceInterval = [5.676 μs; 5.784 μs] (CI 99.9%), Margin = 0.054 μs (0.94% of Mean)
Skewness = 0.47, Kurtosis = 1.57, MValue = 2
-------------------- Histogram --------------------
[5.645 μs ; 5.842 μs) | @@@@@@@@@@@@@@@
---------------------------------------------------

// * Summary *

BenchmarkDotNet v0.13.12, Windows 11 (10.0.26200.7462)
12th Gen Intel Core i5-12450H, 1 CPU, 12 logical and 8 physical cores
.NET SDK 9.0.103
  [Host]   : .NET 8.0.13 (8.0.1325.6609), X64 RyuJIT AVX2
  .NET 8.0 : .NET 8.0.13 (8.0.1325.6609), X64 RyuJIT AVX2

Job=.NET 8.0  Runtime=.NET 8.0  

| Method     | Mean     | Error     | StdDev    | Gen0   | Gen1   | Allocated |
|----------- |---------:|----------:|----------:|-------:|-------:|----------:|
| Aproximace | 5.730 μs | 0.0538 μs | 0.0504 μs | 1.2131 | 0.0229 |   7.44 KB |

// * Legends *
  Mean      : Arithmetic mean of all measurements
  Error     : Half of 99.9% confidence interval
  StdDev    : Standard deviation of all measurements
  Gen0      : GC Generation 0 collects per 1000 operations
  Gen1      : GC Generation 1 collects per 1000 operations
  Allocated : Allocated memory per single operation (managed only, inclusive, 1KB = 1024B)
  1 μs      : 1 Microsecond (0.000001 sec)

// * Diagnostic Output - MemoryDiagnoser *


// ***** BenchmarkRunner: End *****
Run time: 00:00:24 (24.34 sec), executed benchmarks: 1

Global total time: 00:00:28 (28.1 sec), executed benchmarks: 1
// * Artifacts cleanup *
Artifacts cleanup is finished
